[2026-02-18 12:32:23,133 : INFO : common : yaml file: config\config.yaml LOADED successfully]
[2026-02-18 12:32:23,196 : INFO : common : yaml file: params.yaml LOADED successfully]
[2026-02-18 15:42:54,576 : INFO : common : yaml file: config\config.yaml LOADED successfully]
[2026-02-18 15:42:56,209 : INFO : common : yaml file: params.yaml LOADED successfully]
[2026-02-18 15:42:56,571 : INFO : common : created directory at: artifacts]
[2026-02-18 15:47:10,358 : INFO : common : yaml file: config\config.yaml LOADED successfully]
[2026-02-18 15:47:10,365 : INFO : common : yaml file: params.yaml LOADED successfully]
[2026-02-18 15:47:10,370 : INFO : common : created directory at: artifacts]
[2026-02-18 15:47:10,376 : INFO : common : created directory at: artifacts/data_ingestion]
[2026-02-18 15:47:24,960 : INFO : common : yaml file: config\config.yaml LOADED successfully]
[2026-02-18 15:47:24,968 : INFO : common : yaml file: params.yaml LOADED successfully]
[2026-02-18 15:47:24,971 : INFO : common : created directory at: artifacts]
[2026-02-18 15:47:24,978 : INFO : common : created directory at: artifacts/data_ingestion]
[2026-02-18 15:50:56,408 : INFO : common : yaml file: config\config.yaml LOADED successfully]
[2026-02-18 15:50:56,416 : INFO : common : yaml file: params.yaml LOADED successfully]
[2026-02-18 15:50:56,420 : INFO : common : created directory at: artifacts]
[2026-02-18 15:50:56,426 : INFO : common : created directory at: artifacts/data_ingestion]
[2026-02-18 15:54:20,435 : INFO : common : yaml file: config\config.yaml LOADED successfully]
[2026-02-18 15:54:20,443 : INFO : common : yaml file: params.yaml LOADED successfully]
[2026-02-18 15:54:20,447 : INFO : common : created directory at: artifacts]
[2026-02-18 15:54:20,453 : INFO : common : created directory at: artifacts/data_ingestion]
[2026-02-18 15:55:44,883 : INFO : common : yaml file: config\config.yaml LOADED successfully]
[2026-02-18 15:55:44,890 : INFO : common : yaml file: params.yaml LOADED successfully]
[2026-02-18 15:55:44,894 : INFO : common : created directory at: artifacts]
[2026-02-18 15:55:44,899 : INFO : common : created directory at: artifacts/data_ingestion]
[2026-02-18 15:55:44,903 : INFO : 316800895 : downloading the file formhttps://www.kaggle.com/api/v1/datasets/download/mann210cool/taxidata into file artifacts/data_ingestion/data.zip]
[2026-02-18 15:58:21,172 : INFO : common : yaml file: config\config.yaml LOADED successfully]
[2026-02-18 15:58:21,180 : INFO : common : yaml file: params.yaml LOADED successfully]
[2026-02-18 15:58:21,184 : INFO : common : created directory at: artifacts]
[2026-02-18 15:58:21,189 : INFO : common : created directory at: artifacts/data_ingestion]
[2026-02-18 15:58:21,195 : INFO : 2896126325 : downloading the file formhttps://www.kaggle.com/api/v1/datasets/download/mann210cool/taxidata into file artifacts/data_ingestion/data.zip]
[2026-02-18 16:02:39,945 : INFO : common : yaml file: config\config.yaml LOADED successfully]
[2026-02-18 16:02:39,952 : INFO : common : yaml file: params.yaml LOADED successfully]
[2026-02-18 16:02:39,957 : INFO : common : created directory at: artifacts]
[2026-02-18 16:02:39,962 : INFO : common : created directory at: artifacts/data_ingestion]
[2026-02-18 16:02:39,967 : INFO : 2896126325 : downloading the file formhttps://www.kaggle.com/api/v1/datasets/download/mann210cool/taxidata into file artifacts/data_ingestion/data.zip]
[2026-02-18 16:02:56,879 : INFO : common : yaml file: config\config.yaml LOADED successfully]
[2026-02-18 16:02:56,885 : INFO : common : yaml file: params.yaml LOADED successfully]
[2026-02-18 16:02:56,889 : INFO : common : created directory at: artifacts]
[2026-02-18 16:02:56,893 : INFO : common : created directory at: artifacts/data_ingestion]
[2026-02-18 16:02:56,898 : INFO : 2896126325 : downloading the file formmann210cool/taxidata into file artifacts/data_ingestion/data.zip]
[2026-02-18 16:08:26,064 : INFO : common : yaml file: config\config.yaml LOADED successfully]
[2026-02-18 16:08:26,071 : INFO : common : yaml file: params.yaml LOADED successfully]
[2026-02-18 16:08:26,123 : INFO : common : created directory at: artifacts]
[2026-02-18 16:08:26,128 : INFO : common : created directory at: artifacts/data_ingestion]
[2026-02-18 16:08:26,136 : INFO : 59249277 : downloading the file formmann210cool/taxidata into file artifacts/data_ingestion/data.zip]
[2026-02-18 16:11:47,286 : INFO : common : yaml file: config\config.yaml LOADED successfully]
[2026-02-18 16:11:47,293 : INFO : common : yaml file: params.yaml LOADED successfully]
[2026-02-18 16:11:47,297 : INFO : common : created directory at: artifacts]
[2026-02-18 16:11:47,303 : INFO : common : created directory at: artifacts/data_ingestion]
[2026-02-18 16:11:47,307 : INFO : 59249277 : downloading the file formmann210cool/taxidata into file artifacts/data_ingestion/data.zip]
[2026-02-18 16:13:51,192 : INFO : common : yaml file: config\config.yaml LOADED successfully]
[2026-02-18 16:13:51,199 : INFO : common : yaml file: params.yaml LOADED successfully]
[2026-02-18 16:13:51,203 : INFO : common : created directory at: artifacts]
[2026-02-18 16:13:51,209 : INFO : common : created directory at: artifacts/data_ingestion]
[2026-02-18 16:13:51,213 : INFO : 1305716206 : downloading the file formmann210cool/taxidata into file artifacts/data_ingestion/data.zip]
[2026-02-18 16:13:52,693 : INFO : 1305716206 : File downloaded successfully & saved @ artifacts/data_ingestion/data.zip with size ~ 0KB]
[2026-02-18 16:15:52,540 : INFO : common : yaml file: config\config.yaml LOADED successfully]
[2026-02-18 16:15:52,549 : INFO : common : yaml file: params.yaml LOADED successfully]
[2026-02-18 16:15:52,553 : INFO : common : created directory at: artifacts]
[2026-02-18 16:15:52,577 : INFO : common : created directory at: artifacts/data_ingestion]
[2026-02-18 16:15:52,582 : INFO : 1305716206 : downloading the file formmann210cool/taxidata into file artifacts/data_ingestion/data.zip]
[2026-02-18 16:16:39,226 : INFO : 1305716206 : File downloaded successfully & saved @ artifacts/data_ingestion/data.zip with size ~ 0KB]
[2026-02-18 17:19:27,464 : INFO : common : yaml file: config\config.yaml LOADED successfully]
[2026-02-18 17:19:27,476 : INFO : common : yaml file: params.yaml LOADED successfully]
[2026-02-18 17:19:27,483 : INFO : common : created directory at: artifacts]
[2026-02-18 17:19:27,502 : INFO : common : created directory at: artifacts/data_ingestion]
[2026-02-18 17:19:27,509 : INFO : 1790210910 : downloading the file formhttps://data.cityofnewyork.us/resource/4b4i-vvec.csv?$limit=500000 into file artifacts/data_ingestion/data.zip]
[2026-02-18 17:23:23,483 : INFO : common : yaml file: config\config.yaml LOADED successfully]
[2026-02-18 17:23:23,490 : INFO : common : yaml file: params.yaml LOADED successfully]
[2026-02-18 17:23:23,494 : INFO : common : created directory at: artifacts]
[2026-02-18 17:23:23,499 : INFO : common : created directory at: artifacts/data_ingestion]
[2026-02-18 17:23:23,504 : INFO : 1790210910 : downloading the file formhttps://data.cityofnewyork.us/resource/4b4i-vvec.csv?$limit=500000 into file artifacts/data_ingestion/data.zip]
[2026-02-18 17:30:04,626 : INFO : common : yaml file: config\config.yaml LOADED successfully]
[2026-02-18 17:30:04,634 : INFO : common : yaml file: params.yaml LOADED successfully]
[2026-02-18 17:30:04,641 : INFO : common : created directory at: artifacts]
[2026-02-18 17:30:04,645 : INFO : common : created directory at: artifacts/data_ingestion]
[2026-02-18 17:30:04,650 : INFO : 1790210910 : downloading the file formhttps://data.cityofnewyork.us/resource/4b4i-vvec.csv?$limit=500000 into file artifacts/data_ingestion/data.csv]
[2026-02-18 17:44:59,968 : INFO : common : yaml file: config\config.yaml LOADED successfully]
[2026-02-18 17:44:59,975 : INFO : common : yaml file: params.yaml LOADED successfully]
[2026-02-18 17:44:59,979 : INFO : common : created directory at: artifacts]
[2026-02-18 17:44:59,984 : INFO : common : created directory at: artifacts/data_ingestion]
[2026-02-18 17:44:59,988 : INFO : 1790210910 : downloading the file formhttps://data.cityofnewyork.us/resource/4b4i-vvec.csv?$limit=500000 into file artifacts/data_ingestion/data.csv]
[2026-02-18 17:49:45,417 : INFO : common : yaml file: config\config.yaml LOADED successfully]
[2026-02-18 17:49:45,424 : INFO : common : yaml file: params.yaml LOADED successfully]
[2026-02-18 17:49:45,428 : INFO : common : created directory at: artifacts]
[2026-02-18 17:49:45,432 : INFO : common : created directory at: artifacts/data_ingestion]
[2026-02-18 17:49:45,438 : INFO : 1759005053 : downloading the file formhttps://data.cityofnewyork.us/resource/4b4i-vvec.csv?$limit=500000 into file artifacts/data_ingestion/data.csv]
[2026-02-18 17:50:26,378 : INFO : common : yaml file: config\config.yaml LOADED successfully]
[2026-02-18 17:50:26,384 : INFO : common : yaml file: params.yaml LOADED successfully]
[2026-02-18 17:50:26,389 : INFO : common : created directory at: artifacts]
[2026-02-18 17:50:26,393 : INFO : common : created directory at: artifacts/data_ingestion]
[2026-02-18 17:50:26,397 : INFO : 1759005053 : downloading the file formhttps://data.cityofnewyork.us/resource/4b4i-vvec.csv?$limit=500000 into file artifacts/data_ingestion/data.csv]
[2026-02-18 17:51:15,282 : INFO : 1759005053 : File downloaded successfully & saved @ artifacts/data_ingestion/data.csv with size ~ 73880KB]
[2026-02-18 17:52:17,787 : INFO : common : yaml file: config\config.yaml LOADED successfully]
[2026-02-18 17:52:17,793 : INFO : common : yaml file: params.yaml LOADED successfully]
[2026-02-18 17:52:17,797 : INFO : common : created directory at: artifacts]
[2026-02-18 17:52:17,802 : INFO : common : created directory at: artifacts/data_ingestion]
[2026-02-18 17:52:17,806 : INFO : 1759005053 : downloading the file formhttps://data.cityofnewyork.us/resource/4b4i-vvec.csv?$limit=500000 into file artifacts/data_ingestion/data.csv]
[2026-02-18 17:53:53,520 : INFO : 1759005053 : File downloaded successfully & saved @ artifacts/data_ingestion/data.csv with size ~ 73880KB]
[2026-02-20 12:32:22,555 : INFO : common : yaml file: config\config.yaml LOADED successfully]
[2026-02-20 12:32:22,594 : INFO : common : yaml file: params.yaml LOADED successfully]
[2026-02-20 12:32:22,606 : INFO : common : created directory at: artifacts]
[2026-02-20 12:32:22,612 : INFO : common : created directory at: artifacts/data_ingestion]
[2026-02-20 12:34:57,200 : INFO : common : yaml file: config\config.yaml LOADED successfully]
[2026-02-20 12:34:57,207 : INFO : common : yaml file: params.yaml LOADED successfully]
[2026-02-20 12:34:57,212 : INFO : common : created directory at: artifacts]
[2026-02-20 12:34:57,217 : INFO : common : created directory at: artifacts/data_ingestion]
[2026-02-20 12:34:57,221 : INFO : 2861034408 : downloading the file formmann210cool/taxidata into file artifacts/data_ingestion/data.csv]
[2026-02-20 12:35:41,019 : INFO : common : yaml file: config\config.yaml LOADED successfully]
[2026-02-20 12:35:41,027 : INFO : common : yaml file: params.yaml LOADED successfully]
[2026-02-20 12:35:41,032 : INFO : common : created directory at: artifacts]
[2026-02-20 12:35:41,035 : INFO : common : created directory at: artifacts/data_ingestion]
[2026-02-20 12:35:41,039 : INFO : 3293157518 : downloading the file formmann210cool/taxidata into file artifacts/data_ingestion/data.csv]
[2026-02-20 12:38:32,094 : INFO : common : yaml file: config\config.yaml LOADED successfully]
[2026-02-20 12:38:32,100 : INFO : common : yaml file: params.yaml LOADED successfully]
[2026-02-20 12:38:32,104 : INFO : common : created directory at: artifacts]
[2026-02-20 12:38:32,110 : INFO : common : created directory at: artifacts/data_ingestion]
[2026-02-20 12:38:32,114 : INFO : 3286638895 : downloading the file formmann210cool/taxidata into file artifacts/data_ingestion/data.csv]
[2026-02-20 12:40:20,364 : INFO : common : yaml file: config\config.yaml LOADED successfully]
[2026-02-20 12:40:20,370 : INFO : common : yaml file: params.yaml LOADED successfully]
[2026-02-20 12:40:20,374 : INFO : common : created directory at: artifacts]
[2026-02-20 12:40:20,440 : INFO : common : created directory at: artifacts/data_ingestion]
[2026-02-20 12:40:20,448 : INFO : 2130523971 : downloading the file formmann210cool/taxidata into file artifacts/data_ingestion/data.csv]
[2026-02-20 12:41:42,831 : INFO : common : yaml file: config\config.yaml LOADED successfully]
[2026-02-20 12:41:42,840 : INFO : common : yaml file: params.yaml LOADED successfully]
[2026-02-20 12:41:42,845 : INFO : common : created directory at: artifacts]
[2026-02-20 12:41:42,849 : INFO : common : created directory at: artifacts/data_ingestion]
[2026-02-20 12:41:42,854 : INFO : 3293157518 : downloading the file formmann210cool/taxidata into file artifacts/data_ingestion/data.csv]
[2026-02-20 12:43:16,258 : INFO : common : yaml file: config\config.yaml LOADED successfully]
[2026-02-20 12:43:16,264 : INFO : common : yaml file: params.yaml LOADED successfully]
[2026-02-20 12:43:16,269 : INFO : common : created directory at: artifacts]
[2026-02-20 12:43:16,274 : INFO : common : created directory at: artifacts/data_ingestion]
[2026-02-20 12:43:16,279 : INFO : 3293157518 : downloading the file formmann210cool/taxidata into file artifacts/data_ingestion]
[2026-02-20 12:43:41,219 : INFO : common : yaml file: config\config.yaml LOADED successfully]
[2026-02-20 12:43:41,226 : INFO : common : yaml file: params.yaml LOADED successfully]
[2026-02-20 12:43:41,230 : INFO : common : created directory at: artifacts]
[2026-02-20 12:43:41,236 : INFO : common : created directory at: artifacts/data_ingestion]
[2026-02-20 12:43:41,239 : INFO : 1430238311 : downloading the file formmann210cool/taxidata into file artifacts/data_ingestion]
[2026-02-20 12:44:19,028 : INFO : 1430238311 : File downloaded successfully & saved @ artifacts/data_ingestion with size ~ 0KB]
[2026-02-21 21:24:39,153 : INFO : 1902920671 : >>> Stage: Data Validation Started <<<]
[2026-02-21 21:24:39,186 : INFO : common : yaml file: config\config.yaml LOADED successfully]
[2026-02-21 21:24:39,239 : INFO : common : yaml file: params.yaml LOADED successfully]
[2026-02-21 21:24:39,256 : ERROR : 1902920671 : Argument path_to_directories of type <class 'str'> to <function create_directories at 0x0000020A1AC068E0> does not match annotation type <class 'list'>]
Traceback (most recent call last):
  File "C:\Users\MANN\AppData\Local\Temp\ipykernel_2884\1902920671.py", line 3, in <module>
    config = ConfigurationManager()
  File "E:\dsProject\nycTaxiProject\src\nycTaxiProject\config\configuration.py", line 17, in __init__
    create_directories(self.config.artifacts_root)
    ~~~~~~~~~~~~~~~~~~^^^^^^^^^^^^^^^^^^^^^^^^^^^^
  File "e:\dsProject\nycTaxiProject\venv\Lib\site-packages\ensure\main.py", line 833, in __call__
    raise EnsureError(msg.format(arg=arg, f=self.f, t=templ, valt=type(value)))
ensure.main.EnsureError: Argument path_to_directories of type <class 'str'> to <function create_directories at 0x0000020A1AC068E0> does not match annotation type <class 'list'>
[2026-02-21 21:41:41,084 : INFO : 1902920671 : >>> Stage: Data Validation Started <<<]
[2026-02-21 21:41:41,094 : INFO : common : yaml file: config\config.yaml LOADED successfully]
[2026-02-21 21:41:41,101 : INFO : common : yaml file: params.yaml LOADED successfully]
[2026-02-21 21:41:41,413 : INFO : common : yaml file: schema.yaml LOADED successfully]
[2026-02-21 21:41:41,422 : INFO : common : created directory at: artifacts]
[2026-02-21 21:41:41,439 : ERROR : 1902920671 : "'ConfigBox' object has no attribute 'root_dir'"]
Traceback (most recent call last):
  File "box\\box.py", line 594, in box.box.Box.__getitem__
KeyError: 'root_dir'

The above exception was the direct cause of the following exception:

Traceback (most recent call last):
  File "box\\box.py", line 633, in box.box.Box.__getattr__
  File "box\\box.py", line 621, in box.box.Box.__getitem__
box.exceptions.BoxKeyError: "'root_dir'"

During handling of the above exception, another exception occurred:

Traceback (most recent call last):
  File "box\\box.py", line 635, in box.box.Box.__getattr__
AttributeError: 'ConfigBox' object has no attribute 'root_dir'. Did you mean: 'root_dirt'?

The above exception was the direct cause of the following exception:

Traceback (most recent call last):
  File "box\\config_box.py", line 29, in box.config_box.ConfigBox.__getattr__
  File "box\\box.py", line 649, in box.box.Box.__getattr__
box.exceptions.BoxKeyError: "'ConfigBox' object has no attribute 'root_dir'"

During handling of the above exception, another exception occurred:

Traceback (most recent call last):
  File "box\\box.py", line 594, in box.box.Box.__getitem__
KeyError: 'root_dir'

The above exception was the direct cause of the following exception:

Traceback (most recent call last):
  File "box\\box.py", line 633, in box.box.Box.__getattr__
  File "box\\box.py", line 621, in box.box.Box.__getitem__
box.exceptions.BoxKeyError: "'root_dir'"

During handling of the above exception, another exception occurred:

Traceback (most recent call last):
  File "box\\box.py", line 635, in box.box.Box.__getattr__
AttributeError: 'ConfigBox' object has no attribute 'root_dir'. Did you mean: 'root_dirt'?

The above exception was the direct cause of the following exception:

Traceback (most recent call last):
  File "C:\Users\MANN\AppData\Local\Temp\ipykernel_2884\1902920671.py", line 4, in <module>
    data_validation_config = config.get_data_validation_config()
  File "C:\Users\MANN\AppData\Local\Temp\ipykernel_2884\631922285.py", line 17, in get_data_validation_config
    create_directories([config.root_dir])
                        ^^^^^^^^^^^^^^^
  File "box\\config_box.py", line 31, in box.config_box.ConfigBox.__getattr__
  File "box\\box.py", line 649, in box.box.Box.__getattr__
box.exceptions.BoxKeyError: "'ConfigBox' object has no attribute 'root_dir'". Did you mean: 'root_dirt'?
[2026-02-21 21:45:05,756 : INFO : 1902920671 : >>> Stage: Data Validation Started <<<]
[2026-02-21 21:45:05,769 : INFO : common : yaml file: config\config.yaml LOADED successfully]
[2026-02-21 21:45:05,776 : INFO : common : yaml file: params.yaml LOADED successfully]
[2026-02-21 21:45:05,791 : INFO : common : yaml file: schema.yaml LOADED successfully]
[2026-02-21 21:45:05,796 : INFO : common : created directory at: artifacts]
[2026-02-21 21:45:05,828 : INFO : common : created directory at: artifacts/data_validation]
[2026-02-21 21:45:05,833 : ERROR : 1902920671 : name 'DataValidation' is not defined]
Traceback (most recent call last):
  File "C:\Users\MANN\AppData\Local\Temp\ipykernel_2884\1902920671.py", line 5, in <module>
    data_validation = DataValidation(config=data_validation_config)
                      ^^^^^^^^^^^^^^
NameError: name 'DataValidation' is not defined. Did you mean: 'Data_Validation'?
[2026-02-21 21:46:40,143 : INFO : 2829047601 : >>> Stage: Data Validation Started <<<]
[2026-02-21 21:46:40,156 : INFO : common : yaml file: config\config.yaml LOADED successfully]
[2026-02-21 21:46:40,163 : INFO : common : yaml file: params.yaml LOADED successfully]
[2026-02-21 21:46:40,177 : INFO : common : yaml file: schema.yaml LOADED successfully]
[2026-02-21 21:46:40,182 : INFO : common : created directory at: artifacts]
[2026-02-21 21:46:40,188 : INFO : common : created directory at: artifacts/data_validation]
[2026-02-21 21:46:40,190 : ERROR : 2829047601 : 'Data_Validation' object has no attribute 'validate_all_columns']
Traceback (most recent call last):
  File "C:\Users\MANN\AppData\Local\Temp\ipykernel_2884\2829047601.py", line 6, in <module>
    data_validation.validate_all_columns()
    ^^^^^^^^^^^^^^^^^^^^^^^^^^^^^^^^^^^^
AttributeError: 'Data_Validation' object has no attribute 'validate_all_columns'. Did you mean: 'validation_all_columns'?
[2026-02-21 21:47:00,440 : INFO : 3788650901 : >>> Stage: Data Validation Started <<<]
[2026-02-21 21:47:00,449 : INFO : common : yaml file: config\config.yaml LOADED successfully]
[2026-02-21 21:47:00,456 : INFO : common : yaml file: params.yaml LOADED successfully]
[2026-02-21 21:47:00,476 : INFO : common : yaml file: schema.yaml LOADED successfully]
[2026-02-21 21:47:00,481 : INFO : common : created directory at: artifacts]
[2026-02-21 21:47:00,489 : INFO : common : created directory at: artifacts/data_validation]
[2026-02-21 21:47:06,140 : INFO : 3788650901 : >>> Stage: Data Validation Completed! <<<]
[2026-02-21 21:59:35,578 : INFO : main : >>>>>>Stage DATA INGESTION STAGE started <<<<<<<]
[2026-02-21 21:59:35,629 : INFO : common : yaml file: config\config.yaml LOADED successfully]
[2026-02-21 21:59:35,633 : INFO : common : yaml file: params.yaml LOADED successfully]
[2026-02-21 21:59:35,635 : INFO : common : created directory at: artifacts]
[2026-02-21 21:59:35,636 : INFO : common : created directory at: artifacts/data_ingestion]
[2026-02-21 21:59:35,637 : INFO : data_ingestion : downloading the file formmann210cool/taxidata into file artifacts/data_ingestion/data.csv]
[2026-02-21 23:06:31,706 : INFO : main : >>>>>>Stage DATA INGESTION STAGE started <<<<<<<]
[2026-02-21 23:06:31,741 : INFO : common : yaml file: config\config.yaml LOADED successfully]
[2026-02-21 23:06:31,748 : INFO : common : yaml file: params.yaml LOADED successfully]
[2026-02-21 23:06:31,752 : INFO : common : created directory at: artifacts]
[2026-02-21 23:06:31,758 : INFO : common : created directory at: artifacts/data_ingestion]
[2026-02-21 23:06:31,760 : INFO : data_ingestion : downloading the file formmann210cool/taxidata into file artifacts/data_ingestion/data.csv]
[2026-02-23 17:11:25,288 : INFO : 4138332530 : >>>>>>>STAGE: DATA TRANSFORMATION STARTED<<<<<<<<< ]
[2026-02-23 17:11:25,336 : INFO : common : yaml file: config\config.yaml LOADED successfully]
[2026-02-23 17:11:25,395 : INFO : common : yaml file: params.yaml LOADED successfully]
[2026-02-23 17:11:25,415 : INFO : common : created directory at: artifacts/data_transformation]
[2026-02-23 17:11:25,420 : INFO : common : created directory at: artifacts/data_transformation/train]
[2026-02-23 17:11:25,441 : INFO : common : created directory at: artifacts/data_transformation/test]
[2026-02-23 17:11:25,449 : ERROR : 4138332530 : DataTransformationConfig.__init__() missing 2 required positional arguments: 'train' and 'test']
Traceback (most recent call last):
  File "C:\Users\MANN\AppData\Local\Temp\ipykernel_10920\4138332530.py", line 4, in <module>
    data_transformed_config=config.get_data_transformation_config()
  File "C:\Users\MANN\AppData\Local\Temp\ipykernel_10920\2546750440.py", line 15, in get_data_transformation_config
    data_transformed_config=DataTransformationConfig(
         root_dir=config.root_dir,
    ...<4 lines>...
         y_test_dir=config.y_test_dir
    )
TypeError: DataTransformationConfig.__init__() missing 2 required positional arguments: 'train' and 'test'
[2026-02-23 17:16:22,761 : INFO : 4138332530 : >>>>>>>STAGE: DATA TRANSFORMATION STARTED<<<<<<<<< ]
[2026-02-23 17:16:22,774 : INFO : common : yaml file: config\config.yaml LOADED successfully]
[2026-02-23 17:16:22,782 : INFO : common : yaml file: params.yaml LOADED successfully]
[2026-02-23 17:16:22,785 : INFO : common : created directory at: artifacts/data_transformation]
[2026-02-23 17:16:22,791 : INFO : common : created directory at: artifacts/data_transformation/train]
[2026-02-23 17:16:22,797 : INFO : common : created directory at: artifacts/data_transformation/test]
[2026-02-23 17:16:27,556 : INFO : 2266496921 : Data Loaded from artifacts/data_ingestion/data.csv successfully]
[2026-02-23 17:16:27,616 : ERROR : 2266496921 : Error in data transformation: 'NoneType' object is not subscriptable]
[2026-02-23 17:16:27,619 : ERROR : 4138332530 : 'NoneType' object is not subscriptable]
Traceback (most recent call last):
  File "C:\Users\MANN\AppData\Local\Temp\ipykernel_10920\4138332530.py", line 6, in <module>
    data_transform.data_transforamtion()
    ~~~~~~~~~~~~~~~~~~~~~~~~~~~~~~~~~~^^
  File "C:\Users\MANN\AppData\Local\Temp\ipykernel_10920\2266496921.py", line 213, in data_transforamtion
    raise e
  File "C:\Users\MANN\AppData\Local\Temp\ipykernel_10920\2266496921.py", line 199, in data_transforamtion
    df=filling_missing(df) #filling missing value
  File "C:\Users\MANN\AppData\Local\Temp\ipykernel_10920\2266496921.py", line 15, in filling_missing
    df['passenger_count']=df['passenger_count'].fillna(1)  #after finding mean of this columns we got 1.37 value ,after rounding we're assuming it as 1
                          ~~^^^^^^^^^^^^^^^^^^^
TypeError: 'NoneType' object is not subscriptable
[2026-02-23 17:22:44,033 : INFO : 4138332530 : >>>>>>>STAGE: DATA TRANSFORMATION STARTED<<<<<<<<< ]
[2026-02-23 17:22:44,051 : INFO : common : yaml file: config\config.yaml LOADED successfully]
[2026-02-23 17:22:44,059 : INFO : common : yaml file: params.yaml LOADED successfully]
[2026-02-23 17:22:44,066 : INFO : common : created directory at: artifacts/data_transformation]
[2026-02-23 17:22:44,073 : INFO : common : created directory at: artifacts/data_transformation/train]
[2026-02-23 17:22:44,082 : INFO : common : created directory at: artifacts/data_transformation/test]
[2026-02-23 17:22:48,316 : INFO : 3723202847 : Data Loaded from artifacts/data_ingestion/data.csv successfully]
[2026-02-23 17:22:48,392 : ERROR : 3723202847 : Error in data transformation: 'RatecodeID']
[2026-02-23 17:22:48,395 : ERROR : 4138332530 : 'RatecodeID']
Traceback (most recent call last):
  File "e:\dsProject\nycTaxiProject\venv\Lib\site-packages\pandas\core\indexes\base.py", line 3641, in get_loc
    return self._engine.get_loc(casted_key)
           ~~~~~~~~~~~~~~~~~~~~^^^^^^^^^^^^
  File "pandas/_libs/index.pyx", line 168, in pandas._libs.index.IndexEngine.get_loc
  File "pandas/_libs/index.pyx", line 197, in pandas._libs.index.IndexEngine.get_loc
  File "pandas/_libs/hashtable_class_helper.pxi", line 7668, in pandas._libs.hashtable.PyObjectHashTable.get_item
  File "pandas/_libs/hashtable_class_helper.pxi", line 7676, in pandas._libs.hashtable.PyObjectHashTable.get_item
KeyError: 'RatecodeID'

The above exception was the direct cause of the following exception:

Traceback (most recent call last):
  File "C:\Users\MANN\AppData\Local\Temp\ipykernel_10920\4138332530.py", line 6, in <module>
    data_transform.data_transforamtion()
    ~~~~~~~~~~~~~~~~~~~~~~~~~~~~~~~~~~^^
  File "C:\Users\MANN\AppData\Local\Temp\ipykernel_10920\3723202847.py", line 221, in data_transforamtion
    raise e
  File "C:\Users\MANN\AppData\Local\Temp\ipykernel_10920\3723202847.py", line 207, in data_transforamtion
    df=filling_missing(df) #filling missing value
  File "C:\Users\MANN\AppData\Local\Temp\ipykernel_10920\3723202847.py", line 19, in filling_missing
    df['RatecodeID']=df['RatecodeID'].fillna(99) #after investigating thsi column ,we replacing with 9.9(Null/unknown)
                     ~~^^^^^^^^^^^^^^
  File "e:\dsProject\nycTaxiProject\venv\Lib\site-packages\pandas\core\frame.py", line 4378, in __getitem__
    indexer = self.columns.get_loc(key)
  File "e:\dsProject\nycTaxiProject\venv\Lib\site-packages\pandas\core\indexes\base.py", line 3648, in get_loc
    raise KeyError(key) from err
KeyError: 'RatecodeID'
[2026-02-23 17:25:12,543 : INFO : 4138332530 : >>>>>>>STAGE: DATA TRANSFORMATION STARTED<<<<<<<<< ]
[2026-02-23 17:25:12,557 : INFO : common : yaml file: config\config.yaml LOADED successfully]
[2026-02-23 17:25:12,566 : INFO : common : yaml file: params.yaml LOADED successfully]
[2026-02-23 17:25:12,571 : INFO : common : created directory at: artifacts/data_transformation]
[2026-02-23 17:25:12,574 : INFO : common : created directory at: artifacts/data_transformation/train]
[2026-02-23 17:25:12,581 : INFO : common : created directory at: artifacts/data_transformation/test]
[2026-02-23 17:25:17,159 : INFO : 1526084954 : Data Loaded from artifacts/data_ingestion/data.csv successfully]
[2026-02-23 17:25:17,170 : ERROR : 1526084954 : Error in data transformation: 'RatecodeID']
[2026-02-23 17:25:17,173 : ERROR : 4138332530 : 'RatecodeID']
Traceback (most recent call last):
  File "e:\dsProject\nycTaxiProject\venv\Lib\site-packages\pandas\core\indexes\base.py", line 3641, in get_loc
    return self._engine.get_loc(casted_key)
           ~~~~~~~~~~~~~~~~~~~~^^^^^^^^^^^^
  File "pandas/_libs/index.pyx", line 168, in pandas._libs.index.IndexEngine.get_loc
  File "pandas/_libs/index.pyx", line 197, in pandas._libs.index.IndexEngine.get_loc
  File "pandas/_libs/hashtable_class_helper.pxi", line 7668, in pandas._libs.hashtable.PyObjectHashTable.get_item
  File "pandas/_libs/hashtable_class_helper.pxi", line 7676, in pandas._libs.hashtable.PyObjectHashTable.get_item
KeyError: 'RatecodeID'

The above exception was the direct cause of the following exception:

Traceback (most recent call last):
  File "C:\Users\MANN\AppData\Local\Temp\ipykernel_10920\4138332530.py", line 6, in <module>
    data_transform.data_transforamtion()
    ~~~~~~~~~~~~~~~~~~~~~~~~~~~~~~~~~~^^
  File "C:\Users\MANN\AppData\Local\Temp\ipykernel_10920\1526084954.py", line 222, in data_transforamtion
    raise e
  File "C:\Users\MANN\AppData\Local\Temp\ipykernel_10920\1526084954.py", line 208, in data_transforamtion
    df=filling_missing(df) #filling missing value
  File "C:\Users\MANN\AppData\Local\Temp\ipykernel_10920\1526084954.py", line 20, in filling_missing
    df['RatecodeID']=df['RatecodeID'].fillna(99) #after investigating thsi column ,we replacing with 9.9(Null/unknown)
                     ~~^^^^^^^^^^^^^^
  File "e:\dsProject\nycTaxiProject\venv\Lib\site-packages\pandas\core\frame.py", line 4378, in __getitem__
    indexer = self.columns.get_loc(key)
  File "e:\dsProject\nycTaxiProject\venv\Lib\site-packages\pandas\core\indexes\base.py", line 3648, in get_loc
    raise KeyError(key) from err
KeyError: 'RatecodeID'
[2026-02-23 17:28:36,039 : INFO : 4138332530 : >>>>>>>STAGE: DATA TRANSFORMATION STARTED<<<<<<<<< ]
[2026-02-23 17:28:36,054 : INFO : common : yaml file: config\config.yaml LOADED successfully]
[2026-02-23 17:28:36,061 : INFO : common : yaml file: params.yaml LOADED successfully]
[2026-02-23 17:28:36,065 : INFO : common : created directory at: artifacts/data_transformation]
[2026-02-23 17:28:36,068 : INFO : common : created directory at: artifacts/data_transformation/train]
[2026-02-23 17:28:36,073 : INFO : common : created directory at: artifacts/data_transformation/test]
[2026-02-23 17:28:40,928 : INFO : 1223779337 : Data Loaded from artifacts/data_ingestion/data.csv successfully]
[2026-02-23 17:28:40,937 : ERROR : 1223779337 : Error in data transformation: 'RatecodeID']
[2026-02-23 17:28:40,939 : ERROR : 4138332530 : 'RatecodeID']
Traceback (most recent call last):
  File "e:\dsProject\nycTaxiProject\venv\Lib\site-packages\pandas\core\indexes\base.py", line 3641, in get_loc
    return self._engine.get_loc(casted_key)
           ~~~~~~~~~~~~~~~~~~~~^^^^^^^^^^^^
  File "pandas/_libs/index.pyx", line 168, in pandas._libs.index.IndexEngine.get_loc
  File "pandas/_libs/index.pyx", line 197, in pandas._libs.index.IndexEngine.get_loc
  File "pandas/_libs/hashtable_class_helper.pxi", line 7668, in pandas._libs.hashtable.PyObjectHashTable.get_item
  File "pandas/_libs/hashtable_class_helper.pxi", line 7676, in pandas._libs.hashtable.PyObjectHashTable.get_item
KeyError: 'RatecodeID'

The above exception was the direct cause of the following exception:

Traceback (most recent call last):
  File "C:\Users\MANN\AppData\Local\Temp\ipykernel_10920\4138332530.py", line 6, in <module>
    data_transform.data_transforamtion()
    ~~~~~~~~~~~~~~~~~~~~~~~~~~~~~~~~~~^^
  File "C:\Users\MANN\AppData\Local\Temp\ipykernel_10920\1223779337.py", line 222, in data_transforamtion
    raise e
  File "C:\Users\MANN\AppData\Local\Temp\ipykernel_10920\1223779337.py", line 208, in data_transforamtion
    df=filling_missing(df) #filling missing value
  File "C:\Users\MANN\AppData\Local\Temp\ipykernel_10920\1223779337.py", line 20, in filling_missing
    df['RatecodeID']=df['RatecodeID'].fillna(99) #after investigating thsi column ,we replacing with 9.9(Null/unknown)
                     ~~^^^^^^^^^^^^^^
  File "e:\dsProject\nycTaxiProject\venv\Lib\site-packages\pandas\core\frame.py", line 4378, in __getitem__
    indexer = self.columns.get_loc(key)
  File "e:\dsProject\nycTaxiProject\venv\Lib\site-packages\pandas\core\indexes\base.py", line 3648, in get_loc
    raise KeyError(key) from err
KeyError: 'RatecodeID'
[2026-02-23 17:29:35,810 : INFO : 4138332530 : >>>>>>>STAGE: DATA TRANSFORMATION STARTED<<<<<<<<< ]
[2026-02-23 17:29:35,825 : INFO : common : yaml file: config\config.yaml LOADED successfully]
[2026-02-23 17:29:35,831 : INFO : common : yaml file: params.yaml LOADED successfully]
[2026-02-23 17:29:35,836 : INFO : common : created directory at: artifacts/data_transformation]
[2026-02-23 17:29:35,842 : INFO : common : created directory at: artifacts/data_transformation/train]
[2026-02-23 17:29:35,849 : INFO : common : created directory at: artifacts/data_transformation/test]
[2026-02-23 17:29:40,202 : INFO : 885741035 : Data Loaded from artifacts/data_ingestion/data.csv successfully]
[2026-02-23 17:29:40,340 : INFO : 885741035 : FILLING MISSING VALUES]
[2026-02-23 17:29:46,979 : ERROR : 885741035 : Error in data transformation: 'mta_tax']
[2026-02-23 17:29:46,983 : ERROR : 4138332530 : 'mta_tax']
Traceback (most recent call last):
  File "e:\dsProject\nycTaxiProject\venv\Lib\site-packages\pandas\core\indexes\base.py", line 3641, in get_loc
    return self._engine.get_loc(casted_key)
           ~~~~~~~~~~~~~~~~~~~~^^^^^^^^^^^^
  File "pandas/_libs/index.pyx", line 168, in pandas._libs.index.IndexEngine.get_loc
  File "pandas/_libs/index.pyx", line 197, in pandas._libs.index.IndexEngine.get_loc
  File "pandas/_libs/hashtable_class_helper.pxi", line 7668, in pandas._libs.hashtable.PyObjectHashTable.get_item
  File "pandas/_libs/hashtable_class_helper.pxi", line 7676, in pandas._libs.hashtable.PyObjectHashTable.get_item
KeyError: 'mta_tax'

The above exception was the direct cause of the following exception:

Traceback (most recent call last):
  File "C:\Users\MANN\AppData\Local\Temp\ipykernel_10920\4138332530.py", line 6, in <module>
    data_transform.data_transforamtion()
    ~~~~~~~~~~~~~~~~~~~~~~~~~~~~~~~~~~^^
  File "C:\Users\MANN\AppData\Local\Temp\ipykernel_10920\885741035.py", line 222, in data_transforamtion
    raise e
  File "C:\Users\MANN\AppData\Local\Temp\ipykernel_10920\885741035.py", line 211, in data_transforamtion
    df=feature_engineering(df) #feature Engineering
  File "C:\Users\MANN\AppData\Local\Temp\ipykernel_10920\885741035.py", line 92, in feature_engineering
    df['mta_tax'] +
    ~~^^^^^^^^^^^
  File "e:\dsProject\nycTaxiProject\venv\Lib\site-packages\pandas\core\frame.py", line 4378, in __getitem__
    indexer = self.columns.get_loc(key)
  File "e:\dsProject\nycTaxiProject\venv\Lib\site-packages\pandas\core\indexes\base.py", line 3648, in get_loc
    raise KeyError(key) from err
KeyError: 'mta_tax'
[2026-02-23 17:34:34,372 : INFO : 4138332530 : >>>>>>>STAGE: DATA TRANSFORMATION STARTED<<<<<<<<< ]
[2026-02-23 17:34:34,387 : INFO : common : yaml file: config\config.yaml LOADED successfully]
[2026-02-23 17:34:34,395 : INFO : common : yaml file: params.yaml LOADED successfully]
[2026-02-23 17:34:34,402 : INFO : common : created directory at: artifacts/data_transformation]
[2026-02-23 17:34:34,407 : INFO : common : created directory at: artifacts/data_transformation/train]
[2026-02-23 17:34:34,416 : INFO : common : created directory at: artifacts/data_transformation/test]
[2026-02-23 17:34:39,061 : INFO : 1283925066 : Data Loaded from artifacts/data_ingestion/data.csv successfully]
[2026-02-23 17:34:39,074 : INFO : 1283925066 : FILLING MISSING VALUES]
[2026-02-23 17:34:45,037 : ERROR : 1283925066 : Error in data transformation: 'improvement_surcharge']
[2026-02-23 17:34:45,039 : ERROR : 4138332530 : 'improvement_surcharge']
Traceback (most recent call last):
  File "e:\dsProject\nycTaxiProject\venv\Lib\site-packages\pandas\core\indexes\base.py", line 3641, in get_loc
    return self._engine.get_loc(casted_key)
           ~~~~~~~~~~~~~~~~~~~~^^^^^^^^^^^^
  File "pandas/_libs/index.pyx", line 168, in pandas._libs.index.IndexEngine.get_loc
  File "pandas/_libs/index.pyx", line 197, in pandas._libs.index.IndexEngine.get_loc
  File "pandas/_libs/hashtable_class_helper.pxi", line 7668, in pandas._libs.hashtable.PyObjectHashTable.get_item
  File "pandas/_libs/hashtable_class_helper.pxi", line 7676, in pandas._libs.hashtable.PyObjectHashTable.get_item
KeyError: 'improvement_surcharge'

The above exception was the direct cause of the following exception:

Traceback (most recent call last):
  File "C:\Users\MANN\AppData\Local\Temp\ipykernel_10920\4138332530.py", line 6, in <module>
    data_transform.data_transforamtion()
    ~~~~~~~~~~~~~~~~~~~~~~~~~~~~~~~~~~^^
  File "C:\Users\MANN\AppData\Local\Temp\ipykernel_10920\1283925066.py", line 223, in data_transforamtion
    raise e
  File "C:\Users\MANN\AppData\Local\Temp\ipykernel_10920\1283925066.py", line 212, in data_transforamtion
    df=feature_engineering(df) #feature Engineering
  File "C:\Users\MANN\AppData\Local\Temp\ipykernel_10920\1283925066.py", line 94, in feature_engineering
    df['improvement_surcharge'] +
    ~~^^^^^^^^^^^^^^^^^^^^^^^^^
  File "e:\dsProject\nycTaxiProject\venv\Lib\site-packages\pandas\core\frame.py", line 4378, in __getitem__
    indexer = self.columns.get_loc(key)
  File "e:\dsProject\nycTaxiProject\venv\Lib\site-packages\pandas\core\indexes\base.py", line 3648, in get_loc
    raise KeyError(key) from err
KeyError: 'improvement_surcharge'
[2026-02-23 17:36:02,023 : INFO : 4138332530 : >>>>>>>STAGE: DATA TRANSFORMATION STARTED<<<<<<<<< ]
[2026-02-23 17:36:02,039 : INFO : common : yaml file: config\config.yaml LOADED successfully]
[2026-02-23 17:36:02,047 : INFO : common : yaml file: params.yaml LOADED successfully]
[2026-02-23 17:36:02,052 : INFO : common : created directory at: artifacts/data_transformation]
[2026-02-23 17:36:02,057 : INFO : common : created directory at: artifacts/data_transformation/train]
[2026-02-23 17:36:02,065 : INFO : common : created directory at: artifacts/data_transformation/test]
[2026-02-23 17:36:06,366 : INFO : 1283474783 : Data Loaded from artifacts/data_ingestion/data.csv successfully]
[2026-02-23 17:36:06,386 : INFO : 1283474783 : FILLING MISSING VALUES]
[2026-02-23 17:36:14,415 : ERROR : 1283474783 : Error in data transformation: A given column is not a column of the dataframe]
[2026-02-23 17:36:14,418 : ERROR : 4138332530 : A given column is not a column of the dataframe]
Traceback (most recent call last):
  File "e:\dsProject\nycTaxiProject\venv\Lib\site-packages\pandas\core\indexes\base.py", line 3641, in get_loc
    return self._engine.get_loc(casted_key)
           ~~~~~~~~~~~~~~~~~~~~^^^^^^^^^^^^
  File "pandas/_libs/index.pyx", line 168, in pandas._libs.index.IndexEngine.get_loc
  File "pandas/_libs/index.pyx", line 197, in pandas._libs.index.IndexEngine.get_loc
  File "pandas/_libs/hashtable_class_helper.pxi", line 7668, in pandas._libs.hashtable.PyObjectHashTable.get_item
  File "pandas/_libs/hashtable_class_helper.pxi", line 7676, in pandas._libs.hashtable.PyObjectHashTable.get_item
KeyError: 'VendorID'

The above exception was the direct cause of the following exception:

Traceback (most recent call last):
  File "e:\dsProject\nycTaxiProject\venv\Lib\site-packages\sklearn\utils\_indexing.py", line 469, in _get_column_indices
    col_idx = all_columns.get_loc(col)
  File "e:\dsProject\nycTaxiProject\venv\Lib\site-packages\pandas\core\indexes\base.py", line 3648, in get_loc
    raise KeyError(key) from err
KeyError: 'VendorID'

The above exception was the direct cause of the following exception:

Traceback (most recent call last):
  File "C:\Users\MANN\AppData\Local\Temp\ipykernel_10920\4138332530.py", line 6, in <module>
    data_transform.data_transforamtion()
    ~~~~~~~~~~~~~~~~~~~~~~~~~~~~~~~~~~^^
  File "C:\Users\MANN\AppData\Local\Temp\ipykernel_10920\1283474783.py", line 223, in data_transforamtion
    raise e
  File "C:\Users\MANN\AppData\Local\Temp\ipykernel_10920\1283474783.py", line 215, in data_transforamtion
    x_train,x_test=encoding_independent(x_train,x_test,y_train) #encoding train-test spit
                   ~~~~~~~~~~~~~~~~~~~~^^^^^^^^^^^^^^^^^^^^^^^^
  File "C:\Users\MANN\AppData\Local\Temp\ipykernel_10920\1283474783.py", line 178, in encoding_independent
    x_trainEncoded=preprocessor.fit_transform(x_train,y_train)
  File "e:\dsProject\nycTaxiProject\venv\Lib\site-packages\sklearn\utils\_set_output.py", line 316, in wrapped
    data_to_wrap = f(self, X, *args, **kwargs)
  File "e:\dsProject\nycTaxiProject\venv\Lib\site-packages\sklearn\base.py", line 1336, in wrapper
    return fit_method(estimator, *args, **kwargs)
  File "e:\dsProject\nycTaxiProject\venv\Lib\site-packages\sklearn\compose\_column_transformer.py", line 991, in fit_transform
    self._validate_column_callables(X)
    ~~~~~~~~~~~~~~~~~~~~~~~~~~~~~~~^^^
  File "e:\dsProject\nycTaxiProject\venv\Lib\site-packages\sklearn\compose\_column_transformer.py", line 545, in _validate_column_callables
    transformer_to_input_indices[name] = _get_column_indices(X, columns)
                                         ~~~~~~~~~~~~~~~~~~~^^^^^^^^^^^^
  File "e:\dsProject\nycTaxiProject\venv\Lib\site-packages\sklearn\utils\_indexing.py", line 477, in _get_column_indices
    raise ValueError("A given column is not a column of the dataframe") from e
ValueError: A given column is not a column of the dataframe
[2026-02-23 17:40:07,834 : INFO : 4138332530 : >>>>>>>STAGE: DATA TRANSFORMATION STARTED<<<<<<<<< ]
[2026-02-23 17:40:07,855 : INFO : common : yaml file: config\config.yaml LOADED successfully]
[2026-02-23 17:40:07,862 : INFO : common : yaml file: params.yaml LOADED successfully]
[2026-02-23 17:40:07,867 : INFO : common : created directory at: artifacts/data_transformation]
[2026-02-23 17:40:07,875 : INFO : common : created directory at: artifacts/data_transformation/train]
[2026-02-23 17:40:07,881 : INFO : common : created directory at: artifacts/data_transformation/test]
[2026-02-23 17:40:12,028 : INFO : 1296106948 : Data Loaded from artifacts/data_ingestion/data.csv successfully]
[2026-02-23 17:40:12,040 : INFO : 1296106948 : FILLING MISSING VALUES]
[2026-02-23 17:40:16,153 : INFO : 1296106948 : Preprocessing DateTime completed]
[2026-02-23 17:40:18,050 : INFO : 1296106948 : Data Cleaning completed]
[2026-02-23 17:40:19,240 : INFO : 1296106948 : Feature Engineering completed]
[2026-02-23 17:40:20,270 : INFO : 1296106948 : Train-Test Split completed with test size: 71469]
[2026-02-23 17:40:20,332 : INFO : 1296106948 : Clipping Outliers completed]
[2026-02-23 17:40:20,336 : ERROR : 1296106948 : Error in data transformation: A given column is not a column of the dataframe]
[2026-02-23 17:40:20,338 : ERROR : 4138332530 : A given column is not a column of the dataframe]
Traceback (most recent call last):
  File "e:\dsProject\nycTaxiProject\venv\Lib\site-packages\pandas\core\indexes\base.py", line 3641, in get_loc
    return self._engine.get_loc(casted_key)
           ~~~~~~~~~~~~~~~~~~~~^^^^^^^^^^^^
  File "pandas/_libs/index.pyx", line 168, in pandas._libs.index.IndexEngine.get_loc
  File "pandas/_libs/index.pyx", line 197, in pandas._libs.index.IndexEngine.get_loc
  File "pandas/_libs/hashtable_class_helper.pxi", line 7668, in pandas._libs.hashtable.PyObjectHashTable.get_item
  File "pandas/_libs/hashtable_class_helper.pxi", line 7676, in pandas._libs.hashtable.PyObjectHashTable.get_item
KeyError: 'VendorID'

The above exception was the direct cause of the following exception:

Traceback (most recent call last):
  File "e:\dsProject\nycTaxiProject\venv\Lib\site-packages\sklearn\utils\_indexing.py", line 469, in _get_column_indices
    col_idx = all_columns.get_loc(col)
  File "e:\dsProject\nycTaxiProject\venv\Lib\site-packages\pandas\core\indexes\base.py", line 3648, in get_loc
    raise KeyError(key) from err
KeyError: 'VendorID'

The above exception was the direct cause of the following exception:

Traceback (most recent call last):
  File "C:\Users\MANN\AppData\Local\Temp\ipykernel_10920\4138332530.py", line 6, in <module>
    data_transform.data_transforamtion()
    ~~~~~~~~~~~~~~~~~~~~~~~~~~~~~~~~~~^^
  File "C:\Users\MANN\AppData\Local\Temp\ipykernel_10920\1296106948.py", line 229, in data_transforamtion
    raise e
  File "C:\Users\MANN\AppData\Local\Temp\ipykernel_10920\1296106948.py", line 221, in data_transforamtion
    x_train,x_test=encoding_independent(x_train,x_test,y_train) #encoding train-test spit
                   ~~~~~~~~~~~~~~~~~~~~^^^^^^^^^^^^^^^^^^^^^^^^
  File "C:\Users\MANN\AppData\Local\Temp\ipykernel_10920\1296106948.py", line 184, in encoding_independent
    x_trainEncoded=preprocessor.fit_transform(x_train,y_train)
  File "e:\dsProject\nycTaxiProject\venv\Lib\site-packages\sklearn\utils\_set_output.py", line 316, in wrapped
    data_to_wrap = f(self, X, *args, **kwargs)
  File "e:\dsProject\nycTaxiProject\venv\Lib\site-packages\sklearn\base.py", line 1336, in wrapper
    return fit_method(estimator, *args, **kwargs)
  File "e:\dsProject\nycTaxiProject\venv\Lib\site-packages\sklearn\compose\_column_transformer.py", line 991, in fit_transform
    self._validate_column_callables(X)
    ~~~~~~~~~~~~~~~~~~~~~~~~~~~~~~~^^^
  File "e:\dsProject\nycTaxiProject\venv\Lib\site-packages\sklearn\compose\_column_transformer.py", line 545, in _validate_column_callables
    transformer_to_input_indices[name] = _get_column_indices(X, columns)
                                         ~~~~~~~~~~~~~~~~~~~^^^^^^^^^^^^
  File "e:\dsProject\nycTaxiProject\venv\Lib\site-packages\sklearn\utils\_indexing.py", line 477, in _get_column_indices
    raise ValueError("A given column is not a column of the dataframe") from e
ValueError: A given column is not a column of the dataframe
[2026-02-23 17:43:06,815 : INFO : 4138332530 : >>>>>>>STAGE: DATA TRANSFORMATION STARTED<<<<<<<<< ]
[2026-02-23 17:43:06,834 : INFO : common : yaml file: config\config.yaml LOADED successfully]
[2026-02-23 17:43:06,841 : INFO : common : yaml file: params.yaml LOADED successfully]
[2026-02-23 17:43:06,845 : INFO : common : created directory at: artifacts/data_transformation]
[2026-02-23 17:43:06,852 : INFO : common : created directory at: artifacts/data_transformation/train]
[2026-02-23 17:43:06,858 : INFO : common : created directory at: artifacts/data_transformation/test]
[2026-02-23 17:43:11,477 : INFO : 2971478646 : Data Loaded from artifacts/data_ingestion/data.csv successfully]
[2026-02-23 17:43:11,492 : INFO : 2971478646 : FILLING MISSING VALUES]
[2026-02-23 17:43:15,866 : INFO : 2971478646 : Preprocessing DateTime completed]
[2026-02-23 17:43:18,860 : INFO : 2971478646 : Data Cleaning completed]
[2026-02-23 17:43:20,117 : INFO : 2971478646 : Feature Engineering completed]
[2026-02-23 17:43:20,886 : INFO : 2971478646 : Train-Test Split completed with test size: 71469]
[2026-02-23 17:43:20,975 : INFO : 2971478646 : Clipping Outliers completed]
[2026-02-23 17:43:20,979 : ERROR : 2971478646 : Error in data transformation: A given column is not a column of the dataframe]
[2026-02-23 17:43:20,982 : ERROR : 4138332530 : A given column is not a column of the dataframe]
Traceback (most recent call last):
  File "e:\dsProject\nycTaxiProject\venv\Lib\site-packages\pandas\core\indexes\base.py", line 3641, in get_loc
    return self._engine.get_loc(casted_key)
           ~~~~~~~~~~~~~~~~~~~~^^^^^^^^^^^^
  File "pandas/_libs/index.pyx", line 168, in pandas._libs.index.IndexEngine.get_loc
  File "pandas/_libs/index.pyx", line 197, in pandas._libs.index.IndexEngine.get_loc
  File "pandas/_libs/hashtable_class_helper.pxi", line 7668, in pandas._libs.hashtable.PyObjectHashTable.get_item
  File "pandas/_libs/hashtable_class_helper.pxi", line 7676, in pandas._libs.hashtable.PyObjectHashTable.get_item
KeyError: 'puLocationid'

The above exception was the direct cause of the following exception:

Traceback (most recent call last):
  File "e:\dsProject\nycTaxiProject\venv\Lib\site-packages\sklearn\utils\_indexing.py", line 469, in _get_column_indices
    col_idx = all_columns.get_loc(col)
  File "e:\dsProject\nycTaxiProject\venv\Lib\site-packages\pandas\core\indexes\base.py", line 3648, in get_loc
    raise KeyError(key) from err
KeyError: 'puLocationid'

The above exception was the direct cause of the following exception:

Traceback (most recent call last):
  File "C:\Users\MANN\AppData\Local\Temp\ipykernel_10920\4138332530.py", line 6, in <module>
    data_transform.data_transforamtion()
    ~~~~~~~~~~~~~~~~~~~~~~~~~~~~~~~~~~^^
  File "C:\Users\MANN\AppData\Local\Temp\ipykernel_10920\2971478646.py", line 229, in data_transforamtion
    raise e
  File "C:\Users\MANN\AppData\Local\Temp\ipykernel_10920\2971478646.py", line 221, in data_transforamtion
    x_train,x_test=encoding_independent(x_train,x_test,y_train) #encoding train-test spit
                   ~~~~~~~~~~~~~~~~~~~~^^^^^^^^^^^^^^^^^^^^^^^^
  File "C:\Users\MANN\AppData\Local\Temp\ipykernel_10920\2971478646.py", line 184, in encoding_independent
    x_trainEncoded=preprocessor.fit_transform(x_train,y_train)
  File "e:\dsProject\nycTaxiProject\venv\Lib\site-packages\sklearn\utils\_set_output.py", line 316, in wrapped
    data_to_wrap = f(self, X, *args, **kwargs)
  File "e:\dsProject\nycTaxiProject\venv\Lib\site-packages\sklearn\base.py", line 1336, in wrapper
    return fit_method(estimator, *args, **kwargs)
  File "e:\dsProject\nycTaxiProject\venv\Lib\site-packages\sklearn\compose\_column_transformer.py", line 991, in fit_transform
    self._validate_column_callables(X)
    ~~~~~~~~~~~~~~~~~~~~~~~~~~~~~~~^^^
  File "e:\dsProject\nycTaxiProject\venv\Lib\site-packages\sklearn\compose\_column_transformer.py", line 545, in _validate_column_callables
    transformer_to_input_indices[name] = _get_column_indices(X, columns)
                                         ~~~~~~~~~~~~~~~~~~~^^^^^^^^^^^^
  File "e:\dsProject\nycTaxiProject\venv\Lib\site-packages\sklearn\utils\_indexing.py", line 477, in _get_column_indices
    raise ValueError("A given column is not a column of the dataframe") from e
ValueError: A given column is not a column of the dataframe
[2026-02-23 17:44:42,655 : INFO : 4138332530 : >>>>>>>STAGE: DATA TRANSFORMATION STARTED<<<<<<<<< ]
[2026-02-23 17:44:42,670 : INFO : common : yaml file: config\config.yaml LOADED successfully]
[2026-02-23 17:44:42,677 : INFO : common : yaml file: params.yaml LOADED successfully]
[2026-02-23 17:44:42,682 : INFO : common : created directory at: artifacts/data_transformation]
[2026-02-23 17:44:42,686 : INFO : common : created directory at: artifacts/data_transformation/train]
[2026-02-23 17:44:42,692 : INFO : common : created directory at: artifacts/data_transformation/test]
[2026-02-23 17:44:46,906 : INFO : 1933467906 : Data Loaded from artifacts/data_ingestion/data.csv successfully]
[2026-02-23 17:44:46,920 : INFO : 1933467906 : FILLING MISSING VALUES]
[2026-02-23 17:44:51,107 : INFO : 1933467906 : Preprocessing DateTime completed]
[2026-02-23 17:44:52,978 : INFO : 1933467906 : Data Cleaning completed]
[2026-02-23 17:44:54,215 : INFO : 1933467906 : Feature Engineering completed]
[2026-02-23 17:44:54,984 : INFO : 1933467906 : Train-Test Split completed with test size: 71469]
[2026-02-23 17:44:55,053 : INFO : 1933467906 : Clipping Outliers completed]
[2026-02-23 17:44:55,058 : ERROR : 1933467906 : Error in data transformation: A given column is not a column of the dataframe]
[2026-02-23 17:44:55,061 : ERROR : 4138332530 : A given column is not a column of the dataframe]
Traceback (most recent call last):
  File "e:\dsProject\nycTaxiProject\venv\Lib\site-packages\pandas\core\indexes\base.py", line 3641, in get_loc
    return self._engine.get_loc(casted_key)
           ~~~~~~~~~~~~~~~~~~~~^^^^^^^^^^^^
  File "pandas/_libs/index.pyx", line 168, in pandas._libs.index.IndexEngine.get_loc
  File "pandas/_libs/index.pyx", line 197, in pandas._libs.index.IndexEngine.get_loc
  File "pandas/_libs/hashtable_class_helper.pxi", line 7668, in pandas._libs.hashtable.PyObjectHashTable.get_item
  File "pandas/_libs/hashtable_class_helper.pxi", line 7676, in pandas._libs.hashtable.PyObjectHashTable.get_item
KeyError: 'is_airport_trip'

The above exception was the direct cause of the following exception:

Traceback (most recent call last):
  File "e:\dsProject\nycTaxiProject\venv\Lib\site-packages\sklearn\utils\_indexing.py", line 469, in _get_column_indices
    col_idx = all_columns.get_loc(col)
  File "e:\dsProject\nycTaxiProject\venv\Lib\site-packages\pandas\core\indexes\base.py", line 3648, in get_loc
    raise KeyError(key) from err
KeyError: 'is_airport_trip'

The above exception was the direct cause of the following exception:

Traceback (most recent call last):
  File "C:\Users\MANN\AppData\Local\Temp\ipykernel_10920\4138332530.py", line 6, in <module>
    data_transform.data_transforamtion()
    ~~~~~~~~~~~~~~~~~~~~~~~~~~~~~~~~~~^^
  File "C:\Users\MANN\AppData\Local\Temp\ipykernel_10920\1933467906.py", line 229, in data_transforamtion
    raise e
  File "C:\Users\MANN\AppData\Local\Temp\ipykernel_10920\1933467906.py", line 221, in data_transforamtion
    x_train,x_test=encoding_independent(x_train,x_test,y_train) #encoding train-test spit
                   ~~~~~~~~~~~~~~~~~~~~^^^^^^^^^^^^^^^^^^^^^^^^
  File "C:\Users\MANN\AppData\Local\Temp\ipykernel_10920\1933467906.py", line 184, in encoding_independent
    x_trainEncoded=preprocessor.fit_transform(x_train,y_train)
  File "e:\dsProject\nycTaxiProject\venv\Lib\site-packages\sklearn\utils\_set_output.py", line 316, in wrapped
    data_to_wrap = f(self, X, *args, **kwargs)
  File "e:\dsProject\nycTaxiProject\venv\Lib\site-packages\sklearn\base.py", line 1336, in wrapper
    return fit_method(estimator, *args, **kwargs)
  File "e:\dsProject\nycTaxiProject\venv\Lib\site-packages\sklearn\compose\_column_transformer.py", line 991, in fit_transform
    self._validate_column_callables(X)
    ~~~~~~~~~~~~~~~~~~~~~~~~~~~~~~~^^^
  File "e:\dsProject\nycTaxiProject\venv\Lib\site-packages\sklearn\compose\_column_transformer.py", line 545, in _validate_column_callables
    transformer_to_input_indices[name] = _get_column_indices(X, columns)
                                         ~~~~~~~~~~~~~~~~~~~^^^^^^^^^^^^
  File "e:\dsProject\nycTaxiProject\venv\Lib\site-packages\sklearn\utils\_indexing.py", line 477, in _get_column_indices
    raise ValueError("A given column is not a column of the dataframe") from e
ValueError: A given column is not a column of the dataframe
[2026-02-23 17:46:38,292 : INFO : 4138332530 : >>>>>>>STAGE: DATA TRANSFORMATION STARTED<<<<<<<<< ]
[2026-02-23 17:46:38,308 : INFO : common : yaml file: config\config.yaml LOADED successfully]
[2026-02-23 17:46:38,316 : INFO : common : yaml file: params.yaml LOADED successfully]
[2026-02-23 17:46:38,321 : INFO : common : created directory at: artifacts/data_transformation]
[2026-02-23 17:46:38,326 : INFO : common : created directory at: artifacts/data_transformation/train]
[2026-02-23 17:46:38,330 : INFO : common : created directory at: artifacts/data_transformation/test]
[2026-02-23 17:46:42,614 : INFO : 869126 : Data Loaded from artifacts/data_ingestion/data.csv successfully]
[2026-02-23 17:46:42,629 : INFO : 869126 : FILLING MISSING VALUES]
[2026-02-23 17:46:46,798 : INFO : 869126 : Preprocessing DateTime completed]
[2026-02-23 17:46:48,608 : INFO : 869126 : Data Cleaning completed]
[2026-02-23 17:46:49,778 : INFO : 869126 : Feature Engineering completed]
[2026-02-23 17:46:50,463 : INFO : 869126 : Train-Test Split completed with test size: 71469]
[2026-02-23 17:46:50,524 : INFO : 869126 : Clipping Outliers completed]
[2026-02-23 17:47:22,342 : ERROR : 869126 : Error in data transformation: Cannot save file into a non-existent directory: 'artifacts\data_transformation\traintrain_data']
[2026-02-23 17:47:22,344 : ERROR : 4138332530 : Cannot save file into a non-existent directory: 'artifacts\data_transformation\traintrain_data']
Traceback (most recent call last):
  File "C:\Users\MANN\AppData\Local\Temp\ipykernel_10920\4138332530.py", line 6, in <module>
    data_transform.data_transforamtion()
    ~~~~~~~~~~~~~~~~~~~~~~~~~~~~~~~~~~^^
  File "C:\Users\MANN\AppData\Local\Temp\ipykernel_10920\869126.py", line 229, in data_transforamtion
    raise e
  File "C:\Users\MANN\AppData\Local\Temp\ipykernel_10920\869126.py", line 222, in data_transforamtion
    save_transformed_data(x_train,x_test,y_train,y_test) # saving transformed data
    ~~~~~~~~~~~~~~~~~~~~~^^^^^^^^^^^^^^^^^^^^^^^^^^^^^^^
  File "C:\Users\MANN\AppData\Local\Temp\ipykernel_10920\869126.py", line 204, in save_transformed_data
    y_train.to_csv(y_train_dir,index=False)
    ~~~~~~~~~~~~~~^^^^^^^^^^^^^^^^^^^^^^^^^
  File "e:\dsProject\nycTaxiProject\venv\Lib\site-packages\pandas\core\generic.py", line 3988, in to_csv
    return DataFrameRenderer(formatter).to_csv(
           ~~~~~~~~~~~~~~~~~~~~~~~~~~~~~~~~~~~^
        path_or_buf,
        ^^^^^^^^^^^^
    ...<14 lines>...
        storage_options=storage_options,
        ^^^^^^^^^^^^^^^^^^^^^^^^^^^^^^^^
    )
    ^
  File "e:\dsProject\nycTaxiProject\venv\Lib\site-packages\pandas\io\formats\format.py", line 1025, in to_csv
    csv_formatter.save()
    ~~~~~~~~~~~~~~~~~~^^
  File "e:\dsProject\nycTaxiProject\venv\Lib\site-packages\pandas\io\formats\csvs.py", line 251, in save
    with get_handle(
         ~~~~~~~~~~^
        self.filepath_or_buffer,
        ^^^^^^^^^^^^^^^^^^^^^^^^
    ...<4 lines>...
        storage_options=self.storage_options,
        ^^^^^^^^^^^^^^^^^^^^^^^^^^^^^^^^^^^^^
    ) as handles:
    ^
  File "e:\dsProject\nycTaxiProject\venv\Lib\site-packages\pandas\io\common.py", line 793, in get_handle
    check_parent_directory(str(handle))
    ~~~~~~~~~~~~~~~~~~~~~~^^^^^^^^^^^^^
  File "e:\dsProject\nycTaxiProject\venv\Lib\site-packages\pandas\io\common.py", line 652, in check_parent_directory
    raise OSError(rf"Cannot save file into a non-existent directory: '{parent}'")
OSError: Cannot save file into a non-existent directory: 'artifacts\data_transformation\traintrain_data'
[2026-02-23 17:50:17,886 : INFO : 4138332530 : >>>>>>>STAGE: DATA TRANSFORMATION STARTED<<<<<<<<< ]
[2026-02-23 17:50:17,996 : INFO : common : yaml file: config\config.yaml LOADED successfully]
[2026-02-23 17:50:18,003 : INFO : common : yaml file: params.yaml LOADED successfully]
[2026-02-23 17:50:18,008 : INFO : common : created directory at: artifacts/data_transformation]
[2026-02-23 17:50:18,012 : INFO : common : created directory at: artifacts/data_transformation/train]
[2026-02-23 17:50:18,016 : INFO : common : created directory at: artifacts/data_transformation/test]
[2026-02-23 17:50:21,762 : INFO : 869126 : Data Loaded from artifacts/data_ingestion/data.csv successfully]
[2026-02-23 17:50:21,777 : INFO : 869126 : FILLING MISSING VALUES]
[2026-02-23 17:50:25,817 : INFO : 869126 : Preprocessing DateTime completed]
[2026-02-23 17:50:27,607 : INFO : 869126 : Data Cleaning completed]
[2026-02-23 17:50:28,840 : INFO : 869126 : Feature Engineering completed]
[2026-02-23 17:50:29,693 : INFO : 869126 : Train-Test Split completed with test size: 71469]
[2026-02-23 17:50:29,767 : INFO : 869126 : Clipping Outliers completed]
[2026-02-23 17:51:08,379 : INFO : 869126 : Trasnfomred data saved at artifacts/data_transformation successfully...]
[2026-02-23 17:51:08,405 : INFO : 4138332530 : >>>>>>>STAGE: DATA TRANSFORMATION ENDED<<<<<<<<< ]
[2026-02-23 18:08:33,792 : INFO : 4138332530 : >>>>>>>STAGE: DATA TRANSFORMATION STARTED<<<<<<<<< ]
[2026-02-23 18:08:33,829 : INFO : common : yaml file: config\config.yaml LOADED successfully]
[2026-02-23 18:08:33,838 : INFO : common : yaml file: params.yaml LOADED successfully]
[2026-02-23 18:08:33,843 : INFO : common : created directory at: artifacts/data_transformation]
[2026-02-23 18:08:33,847 : INFO : common : created directory at: artifacts/data_transformation/train]
[2026-02-23 18:08:33,853 : INFO : common : created directory at: artifacts/data_transformation/test]
[2026-02-23 18:08:37,866 : INFO : 1865704966 : Data Loaded from artifacts/data_ingestion/data.csv successfully]
[2026-02-23 18:08:37,881 : INFO : 1865704966 : FILLING MISSING VALUES]
[2026-02-23 18:08:41,806 : INFO : 1865704966 : Preprocessing DateTime completed]
[2026-02-23 18:08:43,548 : INFO : 1865704966 : Data Cleaning completed]
[2026-02-23 18:08:44,670 : INFO : 1865704966 : Feature Engineering completed]
[2026-02-23 18:08:45,333 : INFO : 1865704966 : Train-Test Split completed with test size: 71469]
[2026-02-23 18:08:45,392 : INFO : 1865704966 : Clipping Outliers completed]
[2026-02-23 18:09:39,075 : INFO : 1865704966 : Trasnfomred data saved at artifacts/data_transformation successfully...]
[2026-02-23 18:09:39,112 : INFO : 4138332530 : >>>>>>>STAGE: DATA TRANSFORMATION ENDED<<<<<<<<< ]
[2026-02-23 18:34:09,401 : INFO : 4138332530 : >>>>>>>STAGE: DATA TRANSFORMATION STARTED<<<<<<<<< ]
[2026-02-23 18:34:09,416 : INFO : common : yaml file: config\config.yaml LOADED successfully]
[2026-02-23 18:34:09,424 : INFO : common : yaml file: params.yaml LOADED successfully]
[2026-02-23 18:34:09,430 : INFO : common : created directory at: artifacts/data_transformation]
[2026-02-23 18:34:09,433 : INFO : common : created directory at: artifacts/data_transformation/train]
[2026-02-23 18:34:09,438 : INFO : common : created directory at: artifacts/data_transformation/test]
[2026-02-23 18:34:13,996 : INFO : 1597884832 : Data Loaded from artifacts/data_ingestion/data.csv successfully]
[2026-02-23 18:34:14,014 : INFO : 1597884832 : FILLING MISSING VALUES]
[2026-02-23 18:34:18,064 : INFO : 1597884832 : Preprocessing DateTime completed]
[2026-02-23 18:34:19,894 : INFO : 1597884832 : Data Cleaning completed]
[2026-02-23 18:34:21,060 : INFO : 1597884832 : Feature Engineering completed]
[2026-02-23 18:34:21,757 : INFO : 1597884832 : Train-Test Split completed with test size: 71469]
[2026-02-23 18:34:21,818 : INFO : 1597884832 : Clipping Outliers completed]
[2026-02-23 18:35:13,279 : INFO : 1597884832 : Trasnfomred data saved at artifacts/data_transformation successfully...]
[2026-02-23 18:35:13,316 : INFO : 4138332530 : >>>>>>>STAGE: DATA TRANSFORMATION ENDED<<<<<<<<< ]
[2026-02-23 20:55:58,084 : INFO : 4138332530 : >>>>>>>STAGE: DATA TRANSFORMATION STARTED<<<<<<<<< ]
[2026-02-23 20:55:58,142 : INFO : common : yaml file: config\config.yaml LOADED successfully]
[2026-02-23 20:55:58,182 : INFO : common : yaml file: params.yaml LOADED successfully]
[2026-02-23 20:55:58,186 : INFO : common : created directory at: artifacts/data_transformation]
[2026-02-23 20:55:58,192 : INFO : common : created directory at: artifacts/data_transformation/train]
[2026-02-23 20:55:58,198 : INFO : common : created directory at: artifacts/data_transformation/test]
[2026-02-23 20:56:03,247 : INFO : 1332476942 : Data Loaded from artifacts/data_ingestion/data.csv successfully]
[2026-02-23 20:56:03,286 : INFO : 1332476942 : FILLING MISSING VALUES]
[2026-02-23 20:56:08,477 : INFO : 1332476942 : Preprocessing DateTime completed]
[2026-02-23 20:56:11,252 : INFO : 1332476942 : Data Cleaning completed]
[2026-02-23 20:56:13,039 : INFO : 1332476942 : Feature Engineering completed]
[2026-02-23 20:56:13,853 : INFO : 1332476942 : Train-Test Split completed with test size: 71469]
[2026-02-23 20:56:13,915 : INFO : 1332476942 : Clipping Outliers completed]
[2026-02-23 20:56:54,545 : INFO : 1332476942 : Trasnfomred data saved at artifacts/data_transformation successfully...]
[2026-02-23 20:56:54,573 : INFO : 4138332530 : >>>>>>>STAGE: DATA TRANSFORMATION ENDED<<<<<<<<< ]
[2026-02-23 21:24:57,917 : INFO : 4138332530 : >>>>>>>STAGE: DATA TRANSFORMATION STARTED<<<<<<<<< ]
[2026-02-23 21:24:57,937 : INFO : common : yaml file: config\config.yaml LOADED successfully]
[2026-02-23 21:24:57,945 : INFO : common : yaml file: params.yaml LOADED successfully]
[2026-02-23 21:24:57,952 : INFO : common : created directory at: artifacts/data_transformation]
[2026-02-23 21:24:57,957 : INFO : common : created directory at: artifacts/data_transformation/train]
[2026-02-23 21:24:57,963 : INFO : common : created directory at: artifacts/data_transformation/test]
[2026-02-23 21:24:57,972 : INFO : common : created directory at: artifacts/data_transformation/before_encoding]
[2026-02-23 21:25:03,045 : INFO : 3587380511 : Data Loaded from artifacts/data_ingestion/data.csv successfully]
[2026-02-23 21:25:03,063 : INFO : 3587380511 : FILLING MISSING VALUES]
[2026-02-23 21:25:08,124 : INFO : 3587380511 : Preprocessing DateTime completed]
[2026-02-23 21:25:10,119 : INFO : 3587380511 : Data Cleaning completed]
[2026-02-23 21:25:11,475 : INFO : 3587380511 : Feature Engineering completed]
[2026-02-23 21:25:12,188 : INFO : 3587380511 : Train-Test Split completed with test size: 71469]
[2026-02-23 21:25:12,254 : INFO : 3587380511 : Clipping Outliers completed]
[2026-02-23 21:25:33,764 : INFO : 3587380511 : Before Encoding data saved at artifacts/data_transformation/before_encoding successfully...]
[2026-02-23 21:26:15,529 : INFO : 3587380511 : Trasnfomred data saved at artifacts/data_transformation successfully...]
[2026-02-23 21:26:15,564 : INFO : 4138332530 : >>>>>>>STAGE: DATA TRANSFORMATION ENDED<<<<<<<<< ]
[2026-02-24 08:28:41,622 : INFO : 4138332530 : >>>>>>>STAGE: DATA TRANSFORMATION STARTED<<<<<<<<< ]
[2026-02-24 08:28:41,884 : INFO : common : yaml file: config\config.yaml LOADED successfully]
[2026-02-24 08:28:41,936 : INFO : common : yaml file: params.yaml LOADED successfully]
[2026-02-24 08:28:41,943 : INFO : common : created directory at: artifacts/data_transformation]
[2026-02-24 08:28:41,947 : INFO : common : created directory at: artifacts/data_transformation/train]
[2026-02-24 08:28:41,952 : INFO : common : created directory at: artifacts/data_transformation/test]
[2026-02-24 08:28:41,961 : INFO : common : created directory at: artifacts/data_transformation/before_encoding]
[2026-02-24 08:28:47,287 : INFO : 884478696 : Data Loaded from artifacts/data_ingestion/data.csv successfully]
[2026-02-24 08:28:47,308 : INFO : 884478696 : FILLING MISSING VALUES]
[2026-02-24 08:28:52,278 : INFO : 884478696 : Preprocessing DateTime completed]
[2026-02-24 08:28:54,458 : INFO : 884478696 : Data Cleaning completed]
[2026-02-24 08:28:56,395 : INFO : 884478696 : Feature Engineering completed]
[2026-02-24 08:28:57,079 : INFO : 884478696 : Train-Test Split completed with test size: 67371]
[2026-02-24 08:28:57,155 : INFO : 884478696 : Clipping Outliers completed]
[2026-02-24 08:29:16,807 : INFO : 884478696 : Before Encoding data saved at artifacts/data_transformation/before_encoding successfully...]
[2026-02-24 08:29:18,327 : ERROR : 884478696 : Error in data transformation: "['hr_sin', 'hr_cos'] not in index"]
[2026-02-24 08:29:18,329 : ERROR : 4138332530 : "['hr_sin', 'hr_cos'] not in index"]
Traceback (most recent call last):
  File "C:\Users\MANN\AppData\Local\Temp\ipykernel_3656\4138332530.py", line 6, in <module>
    data_transform.data_transforamtion()
    ~~~~~~~~~~~~~~~~~~~~~~~~~~~~~~~~~~^^
  File "C:\Users\MANN\AppData\Local\Temp\ipykernel_3656\884478696.py", line 256, in data_transforamtion
    raise e
  File "C:\Users\MANN\AppData\Local\Temp\ipykernel_3656\884478696.py", line 248, in data_transforamtion
    x_train,x_test=encoding_independent(x_train,x_test,y_train) #encoding train-test spit
                   ~~~~~~~~~~~~~~~~~~~~^^^^^^^^^^^^^^^^^^^^^^^^
  File "C:\Users\MANN\AppData\Local\Temp\ipykernel_3656\884478696.py", line 206, in encoding_independent
    encoded_train = pd.concat([encoded_train, x_train[additional_cols]], axis=1)
                                              ~~~~~~~^^^^^^^^^^^^^^^^^
  File "e:\dsProject\nycTaxiProject\venv\Lib\site-packages\pandas\core\frame.py", line 4384, in __getitem__
    indexer = self.columns._get_indexer_strict(key, "columns")[1]
              ~~~~~~~~~~~~~~~~~~~~~~~~~~~~~~~~^^^^^^^^^^^^^^^^
  File "e:\dsProject\nycTaxiProject\venv\Lib\site-packages\pandas\core\indexes\base.py", line 6302, in _get_indexer_strict
    self._raise_if_missing(keyarr, indexer, axis_name)
    ~~~~~~~~~~~~~~~~~~~~~~^^^^^^^^^^^^^^^^^^^^^^^^^^^^
  File "e:\dsProject\nycTaxiProject\venv\Lib\site-packages\pandas\core\indexes\base.py", line 6355, in _raise_if_missing
    raise KeyError(f"{not_found} not in index")
KeyError: "['hr_sin', 'hr_cos'] not in index"
[2026-02-24 08:30:15,168 : INFO : 4138332530 : >>>>>>>STAGE: DATA TRANSFORMATION STARTED<<<<<<<<< ]
[2026-02-24 08:30:15,191 : INFO : common : yaml file: config\config.yaml LOADED successfully]
[2026-02-24 08:30:15,198 : INFO : common : yaml file: params.yaml LOADED successfully]
[2026-02-24 08:30:15,205 : INFO : common : created directory at: artifacts/data_transformation]
[2026-02-24 08:30:15,210 : INFO : common : created directory at: artifacts/data_transformation/train]
[2026-02-24 08:30:15,214 : INFO : common : created directory at: artifacts/data_transformation/test]
[2026-02-24 08:30:15,219 : INFO : common : created directory at: artifacts/data_transformation/before_encoding]
[2026-02-24 08:30:20,247 : INFO : 2838557437 : Data Loaded from artifacts/data_ingestion/data.csv successfully]
[2026-02-24 08:30:20,271 : INFO : 2838557437 : FILLING MISSING VALUES]
[2026-02-24 08:30:25,505 : INFO : 2838557437 : Preprocessing DateTime completed]
[2026-02-24 08:30:27,733 : INFO : 2838557437 : Data Cleaning completed]
[2026-02-24 08:30:29,682 : INFO : 2838557437 : Feature Engineering completed]
[2026-02-24 08:30:30,709 : INFO : 2838557437 : Train-Test Split completed with test size: 67371]
[2026-02-24 08:30:30,859 : INFO : 2838557437 : Clipping Outliers completed]
[2026-02-24 08:30:51,349 : INFO : 2838557437 : Before Encoding data saved at artifacts/data_transformation/before_encoding successfully...]
[2026-02-24 08:31:23,545 : INFO : 2838557437 : Trasnfomred data saved at artifacts/data_transformation successfully...]
[2026-02-24 08:31:23,573 : INFO : 4138332530 : >>>>>>>STAGE: DATA TRANSFORMATION ENDED<<<<<<<<< ]
[2026-02-24 08:35:08,199 : INFO : 4138332530 : >>>>>>>STAGE: DATA TRANSFORMATION STARTED<<<<<<<<< ]
[2026-02-24 08:35:08,233 : INFO : common : yaml file: config\config.yaml LOADED successfully]
[2026-02-24 08:35:08,241 : INFO : common : yaml file: params.yaml LOADED successfully]
[2026-02-24 08:35:08,250 : INFO : common : created directory at: artifacts/data_transformation]
[2026-02-24 08:35:08,258 : INFO : common : created directory at: artifacts/data_transformation/train]
[2026-02-24 08:35:08,268 : INFO : common : created directory at: artifacts/data_transformation/test]
[2026-02-24 08:35:08,276 : INFO : common : created directory at: artifacts/data_transformation/before_encoding]
[2026-02-24 08:35:17,230 : INFO : 3027617241 : Data Loaded from artifacts/data_ingestion/data.csv successfully]
[2026-02-24 08:35:17,280 : INFO : 3027617241 : FILLING MISSING VALUES]
[2026-02-24 08:35:23,399 : INFO : 3027617241 : Preprocessing DateTime completed]
[2026-02-24 08:35:25,907 : INFO : 3027617241 : Data Cleaning completed]
[2026-02-24 08:35:27,940 : INFO : 3027617241 : Feature Engineering completed]
[2026-02-24 08:35:28,686 : INFO : 3027617241 : Train-Test Split completed with test size: 67371]
[2026-02-24 08:35:28,761 : INFO : 3027617241 : Clipping Outliers completed]
[2026-02-24 08:36:00,801 : INFO : 3027617241 : Before Encoding data saved at artifacts/data_transformation/before_encoding successfully...]
[2026-02-24 08:36:30,997 : INFO : 3027617241 : Trasnfomred data saved at artifacts/data_transformation successfully...]
[2026-02-24 08:36:31,023 : INFO : 4138332530 : >>>>>>>STAGE: DATA TRANSFORMATION ENDED<<<<<<<<< ]
[2026-02-24 11:09:06,623 : INFO : 4138332530 : >>>>>>>STAGE: DATA TRANSFORMATION STARTED<<<<<<<<< ]
[2026-02-24 11:09:06,684 : INFO : common : yaml file: config\config.yaml LOADED successfully]
[2026-02-24 11:09:06,694 : INFO : common : yaml file: params.yaml LOADED successfully]
[2026-02-24 11:09:06,700 : INFO : common : created directory at: artifacts/data_transformation]
[2026-02-24 11:09:06,708 : INFO : common : created directory at: artifacts/data_transformation/train]
[2026-02-24 11:09:06,716 : INFO : common : created directory at: artifacts/data_transformation/test]
[2026-02-24 11:09:06,723 : INFO : common : created directory at: artifacts/data_transformation/before_encoding]
[2026-02-24 11:09:11,620 : INFO : 3027617241 : Data Loaded from artifacts/data_ingestion/data.csv successfully]
[2026-02-24 11:09:11,661 : INFO : 3027617241 : FILLING MISSING VALUES]
[2026-02-24 11:09:16,524 : INFO : 3027617241 : Preprocessing DateTime completed]
[2026-02-24 11:09:18,644 : INFO : 3027617241 : Data Cleaning completed]
[2026-02-24 11:09:20,532 : INFO : 3027617241 : Feature Engineering completed]
[2026-02-24 11:09:21,220 : INFO : 3027617241 : Train-Test Split completed with test size: 67371]
[2026-02-24 11:09:21,282 : INFO : 3027617241 : Clipping Outliers completed]
[2026-02-24 11:09:40,471 : INFO : 3027617241 : Before Encoding data saved at artifacts/data_transformation/before_encoding successfully...]
[2026-02-24 11:10:09,121 : INFO : 3027617241 : Trasnfomred data saved at artifacts/data_transformation successfully...]
[2026-02-24 11:10:09,146 : INFO : 4138332530 : >>>>>>>STAGE: DATA TRANSFORMATION ENDED<<<<<<<<< ]
[2026-02-24 11:46:37,026 : INFO : 4138332530 : >>>>>>>STAGE: DATA TRANSFORMATION STARTED<<<<<<<<< ]
[2026-02-24 11:46:37,349 : INFO : common : yaml file: config\config.yaml LOADED successfully]
[2026-02-24 11:46:37,359 : INFO : common : yaml file: params.yaml LOADED successfully]
[2026-02-24 11:46:37,365 : INFO : common : created directory at: artifacts/data_transformation]
[2026-02-24 11:46:37,369 : INFO : common : created directory at: artifacts/data_transformation/train]
[2026-02-24 11:46:37,372 : INFO : common : created directory at: artifacts/data_transformation/test]
[2026-02-24 11:46:37,380 : INFO : common : created directory at: artifacts/data_transformation/before_encoding]
[2026-02-24 11:46:42,226 : INFO : 1135839931 : Data Loaded from artifacts/data_ingestion/data.csv successfully]
[2026-02-24 11:46:42,248 : INFO : 1135839931 : FILLING MISSING VALUES]
[2026-02-24 11:46:47,634 : INFO : 1135839931 : Preprocessing DateTime completed]
[2026-02-24 11:46:49,677 : INFO : 1135839931 : Data Cleaning completed]
[2026-02-24 11:46:51,339 : INFO : 1135839931 : Feature Engineering completed]
[2026-02-24 11:46:52,001 : INFO : 1135839931 : Train-Test Split completed with test size: 71364]
[2026-02-24 11:46:52,069 : INFO : 1135839931 : Clipping Outliers completed]
[2026-02-24 11:47:13,763 : INFO : 1135839931 : Before Encoding data saved at artifacts/data_transformation/before_encoding successfully...]
[2026-02-24 11:47:58,799 : INFO : 1135839931 : Trasnfomred data saved at artifacts/data_transformation successfully...]
[2026-02-24 11:47:58,838 : INFO : 4138332530 : >>>>>>>STAGE: DATA TRANSFORMATION ENDED<<<<<<<<< ]
[2026-02-24 12:03:32,008 : INFO : 4138332530 : >>>>>>>STAGE: DATA TRANSFORMATION STARTED<<<<<<<<< ]
[2026-02-24 12:03:32,072 : INFO : common : yaml file: config\config.yaml LOADED successfully]
[2026-02-24 12:03:32,082 : INFO : common : yaml file: params.yaml LOADED successfully]
[2026-02-24 12:03:32,087 : INFO : common : created directory at: artifacts/data_transformation]
[2026-02-24 12:03:32,091 : INFO : common : created directory at: artifacts/data_transformation/train]
[2026-02-24 12:03:32,098 : INFO : common : created directory at: artifacts/data_transformation/test]
[2026-02-24 12:03:32,101 : INFO : common : created directory at: artifacts/data_transformation/before_encoding]
[2026-02-24 12:03:37,378 : INFO : 4032069590 : Data Loaded from artifacts/data_ingestion/data.csv successfully]
[2026-02-24 12:03:37,397 : INFO : 4032069590 : FILLING MISSING VALUES]
[2026-02-24 12:03:42,507 : INFO : 4032069590 : Preprocessing DateTime completed]
[2026-02-24 12:03:44,655 : INFO : 4032069590 : Data Cleaning completed]
[2026-02-24 12:03:46,393 : INFO : 4032069590 : Feature Engineering completed]
[2026-02-24 12:03:47,117 : INFO : 4032069590 : Train-Test Split completed with test size: 71364]
[2026-02-24 12:03:47,223 : INFO : 4032069590 : Clipping Outliers completed]
[2026-02-24 12:04:07,715 : INFO : 4032069590 : Before Encoding data saved at artifacts/data_transformation/before_encoding successfully...]
[2026-02-24 12:04:54,970 : INFO : 4032069590 : Trasnfomred data saved at artifacts/data_transformation successfully...]
[2026-02-24 12:04:55,014 : INFO : 4138332530 : >>>>>>>STAGE: DATA TRANSFORMATION ENDED<<<<<<<<< ]
[2026-02-24 12:07:14,173 : INFO : 4138332530 : >>>>>>>STAGE: DATA TRANSFORMATION STARTED<<<<<<<<< ]
[2026-02-24 12:07:14,193 : INFO : common : yaml file: config\config.yaml LOADED successfully]
[2026-02-24 12:07:14,205 : INFO : common : yaml file: params.yaml LOADED successfully]
[2026-02-24 12:07:14,212 : INFO : common : created directory at: artifacts/data_transformation]
[2026-02-24 12:07:14,219 : INFO : common : created directory at: artifacts/data_transformation/train]
[2026-02-24 12:07:14,224 : INFO : common : created directory at: artifacts/data_transformation/test]
[2026-02-24 12:07:14,229 : INFO : common : created directory at: artifacts/data_transformation/before_encoding]
[2026-02-24 12:07:20,714 : INFO : 2778395237 : Data Loaded from artifacts/data_ingestion/data.csv successfully]
[2026-02-24 12:07:20,732 : INFO : 2778395237 : FILLING MISSING VALUES]
[2026-02-24 12:07:29,385 : INFO : 2778395237 : Preprocessing DateTime completed]
[2026-02-24 12:07:32,488 : INFO : 2778395237 : Data Cleaning completed]
[2026-02-24 12:07:34,557 : INFO : 2778395237 : Feature Engineering completed]
[2026-02-24 12:07:35,569 : INFO : 2778395237 : Train-Test Split completed with test size: 71364]
[2026-02-24 12:07:35,671 : INFO : 2778395237 : Clipping Outliers completed]
[2026-02-24 12:07:59,798 : INFO : 2778395237 : Before Encoding data saved at artifacts/data_transformation/before_encoding successfully...]
[2026-02-24 12:08:45,804 : INFO : 2778395237 : Trasnfomred data saved at artifacts/data_transformation successfully...]
[2026-02-24 12:08:45,864 : INFO : 4138332530 : >>>>>>>STAGE: DATA TRANSFORMATION ENDED<<<<<<<<< ]
[2026-02-24 15:48:44,397 : INFO : 4138332530 : >>>>>>>STAGE: DATA TRANSFORMATION STARTED<<<<<<<<< ]
[2026-02-24 15:48:44,762 : ERROR : 4138332530 : [Errno 2] No such file or directory: 'config\\config.yaml']
Traceback (most recent call last):
  File "C:\Users\MANN\AppData\Local\Temp\ipykernel_8416\4138332530.py", line 3, in <module>
    config=ConfigurationManger()
  File "C:\Users\MANN\AppData\Local\Temp\ipykernel_8416\1747569760.py", line 6, in __init__
    self.config=read_yaml(config_filepath)
                ~~~~~~~~~^^^^^^^^^^^^^^^^^
  File "e:\dsProject\nycTaxiProject\venv\Lib\site-packages\ensure\main.py", line 872, in __call__
    return_val = self.f(*args, **kwargs)
  File "E:\dsProject\nycTaxiProject\src\nycTaxiProject\util\common.py", line 34, in read_yaml
    raise e
  File "E:\dsProject\nycTaxiProject\src\nycTaxiProject\util\common.py", line 27, in read_yaml
    with open(path_to_yaml) as yaml_file:
         ~~~~^^^^^^^^^^^^^^
FileNotFoundError: [Errno 2] No such file or directory: 'config\\config.yaml'
[2026-02-24 15:54:57,042 : INFO : 4138332530 : >>>>>>>STAGE: DATA TRANSFORMATION STARTED<<<<<<<<< ]
[2026-02-24 15:54:57,046 : ERROR : 4138332530 : [Errno 2] No such file or directory: 'config\\config.yaml']
Traceback (most recent call last):
  File "C:\Users\MANN\AppData\Local\Temp\ipykernel_8416\4138332530.py", line 3, in <module>
    config=ConfigurationManger()
  File "C:\Users\MANN\AppData\Local\Temp\ipykernel_8416\1747569760.py", line 6, in __init__
    self.config=read_yaml(config_filepath)
                ~~~~~~~~~^^^^^^^^^^^^^^^^^
  File "e:\dsProject\nycTaxiProject\venv\Lib\site-packages\ensure\main.py", line 872, in __call__
    return_val = self.f(*args, **kwargs)
  File "E:\dsProject\nycTaxiProject\src\nycTaxiProject\util\common.py", line 34, in read_yaml
    raise e
  File "E:\dsProject\nycTaxiProject\src\nycTaxiProject\util\common.py", line 27, in read_yaml
    with open(path_to_yaml) as yaml_file:
         ~~~~^^^^^^^^^^^^^^
FileNotFoundError: [Errno 2] No such file or directory: 'config\\config.yaml'
[2026-02-24 15:56:31,801 : INFO : 4138332530 : >>>>>>>STAGE: DATA TRANSFORMATION STARTED<<<<<<<<< ]
[2026-02-24 15:56:31,804 : ERROR : 4138332530 : [Errno 2] No such file or directory: 'config\\config.yaml']
Traceback (most recent call last):
  File "C:\Users\MANN\AppData\Local\Temp\ipykernel_8416\4138332530.py", line 3, in <module>
    config=ConfigurationManger()
  File "C:\Users\MANN\AppData\Local\Temp\ipykernel_8416\1747569760.py", line 6, in __init__
    self.config=read_yaml(config_filepath)
                ~~~~~~~~~^^^^^^^^^^^^^^^^^
  File "e:\dsProject\nycTaxiProject\venv\Lib\site-packages\ensure\main.py", line 872, in __call__
    return_val = self.f(*args, **kwargs)
  File "E:\dsProject\nycTaxiProject\src\nycTaxiProject\util\common.py", line 34, in read_yaml
    raise e
  File "E:\dsProject\nycTaxiProject\src\nycTaxiProject\util\common.py", line 27, in read_yaml
    with open(path_to_yaml) as yaml_file:
         ~~~~^^^^^^^^^^^^^^
FileNotFoundError: [Errno 2] No such file or directory: 'config\\config.yaml'
[2026-02-24 16:00:22,088 : INFO : 4138332530 : >>>>>>>STAGE: DATA TRANSFORMATION STARTED<<<<<<<<< ]
[2026-02-24 16:00:22,114 : INFO : common : yaml file: config\config.yaml LOADED successfully]
[2026-02-24 16:00:22,129 : INFO : common : yaml file: params.yaml LOADED successfully]
[2026-02-24 16:00:22,134 : INFO : common : created directory at: artifacts/data_transformation]
[2026-02-24 16:00:22,140 : INFO : common : created directory at: artifacts/data_transformation/train]
[2026-02-24 16:00:22,150 : INFO : common : created directory at: artifacts/data_transformation/test]
[2026-02-24 16:00:22,154 : INFO : common : created directory at: artifacts/data_transformation/before_encoding]
[2026-02-24 16:00:28,216 : INFO : 2778395237 : Data Loaded from artifacts/data_ingestion/data.csv successfully]
[2026-02-24 16:00:28,261 : INFO : 2778395237 : FILLING MISSING VALUES]
[2026-02-24 16:00:33,784 : INFO : 2778395237 : Preprocessing DateTime completed]
[2026-02-24 16:00:38,193 : INFO : 2778395237 : Data Cleaning completed]
[2026-02-24 16:00:40,163 : INFO : 2778395237 : Feature Engineering completed]
[2026-02-24 16:00:41,015 : INFO : 2778395237 : Train-Test Split completed with test size: 71364]
[2026-02-24 16:00:41,085 : INFO : 2778395237 : Clipping Outliers completed]
[2026-02-24 16:01:11,627 : INFO : 2778395237 : Before Encoding data saved at artifacts/data_transformation/before_encoding successfully...]
[2026-02-24 16:01:59,985 : INFO : 2778395237 : Trasnfomred data saved at artifacts/data_transformation successfully...]
[2026-02-24 16:02:00,253 : INFO : 4138332530 : >>>>>>>STAGE: DATA TRANSFORMATION ENDED<<<<<<<<< ]
[2026-02-24 16:35:48,073 : INFO : stage_03_data_transformation : >>>>>>>STAGE: DATA TRANSFORMATION STARTED<<<<<<<<< ]
[2026-02-24 16:35:48,123 : INFO : common : yaml file: config\config.yaml LOADED successfully]
[2026-02-24 16:35:48,134 : INFO : common : yaml file: params.yaml LOADED successfully]
[2026-02-24 16:35:48,135 : INFO : common : created directory at: artifacts]
[2026-02-24 16:35:48,141 : INFO : common : created directory at: artifacts/data_transformation]
[2026-02-24 16:35:48,150 : INFO : common : created directory at: artifacts/data_transformation/train]
[2026-02-24 16:35:48,155 : INFO : common : created directory at: artifacts/data_transformation/test]
[2026-02-24 16:35:48,157 : INFO : common : created directory at: artifacts/data_transformation/before_encoding]
[2026-02-24 16:35:52,933 : INFO : data_transformation : Data Loaded from artifacts/data_ingestion/data.csv successfully]
[2026-02-24 16:35:52,946 : INFO : data_transformation : FILLING MISSING VALUES]
[2026-02-24 16:35:57,687 : INFO : data_transformation : Preprocessing DateTime completed]
[2026-02-24 16:35:59,820 : INFO : data_transformation : Data Cleaning completed]
[2026-02-24 16:36:01,540 : INFO : data_transformation : Feature Engineering completed]
[2026-02-24 16:36:02,402 : INFO : data_transformation : Train-Test Split completed with test size: 71364]
[2026-02-24 16:36:02,475 : INFO : data_transformation : Clipping Outliers completed]
[2026-02-24 16:36:24,563 : INFO : data_transformation : Before Encoding data saved at artifacts/data_transformation/before_encoding successfully...]
[2026-02-24 16:37:12,021 : INFO : data_transformation : Trasnfomred data saved at artifacts/data_transformation successfully...]
[2026-02-24 16:37:12,057 : INFO : stage_03_data_transformation : >>>>>>>STAGE: DATA TRANSFORMATION ENDED<<<<<<<<< ]
[2026-02-24 18:11:36,804 : INFO : 3416358301 : >>>>>>>STAGE: MODEL TRAINING STARTED<<<<<<<<< ]
[2026-02-24 18:11:36,838 : INFO : common : yaml file: config\config.yaml LOADED successfully]
[2026-02-24 18:11:36,860 : INFO : common : yaml file: params.yaml LOADED successfully]
[2026-02-24 18:11:36,866 : INFO : common : created directory at: artifacts/model_training]
[2026-02-24 18:11:36,869 : ERROR : 3416358301 : ModelTrainingConfig.__init__() got an unexpected keyword argument 'loss']
Traceback (most recent call last):
  File "C:\Users\MANN\AppData\Local\Temp\ipykernel_908\3416358301.py", line 4, in <module>
    data_transformed_config=config.get_model_training_config()
  File "C:\Users\MANN\AppData\Local\Temp\ipykernel_908\559693603.py", line 13, in get_model_training_config
    model_training_config=ModelTrainingConfig(
        root_dir=config.root_dir,
    ...<11 lines>...
    
    )
TypeError: ModelTrainingConfig.__init__() got an unexpected keyword argument 'loss'
[2026-02-24 18:16:24,170 : INFO : 3416358301 : >>>>>>>STAGE: MODEL TRAINING STARTED<<<<<<<<< ]
[2026-02-24 18:16:24,191 : INFO : common : yaml file: config\config.yaml LOADED successfully]
[2026-02-24 18:16:24,202 : INFO : common : yaml file: params.yaml LOADED successfully]
[2026-02-24 18:16:24,208 : INFO : common : created directory at: artifacts/model_training]
[2026-02-24 18:16:24,214 : ERROR : 3071898327 : The 'loss' parameter of SGDRegressor must be a str among {'squared_error', 'epsilon_insensitive', 'squared_epsilon_insensitive', 'huber'}. Got 'squared_loss' instead.]
Traceback (most recent call last):
  File "C:\Users\MANN\AppData\Local\Temp\ipykernel_908\3071898327.py", line 31, in train_model
    model=sgd_model(param_kwargs,x_train,y_train)
  File "C:\Users\MANN\AppData\Local\Temp\ipykernel_908\3071898327.py", line 24, in sgd_model
    model.fit(x_train,y_train)
    ~~~~~~~~~^^^^^^^^^^^^^^^^^
  File "e:\dsProject\nycTaxiProject\venv\Lib\site-packages\sklearn\base.py", line 1329, in wrapper
    estimator._validate_params()
    ~~~~~~~~~~~~~~~~~~~~~~~~~~^^
  File "e:\dsProject\nycTaxiProject\venv\Lib\site-packages\sklearn\base.py", line 492, in _validate_params
    validate_parameter_constraints(
    ~~~~~~~~~~~~~~~~~~~~~~~~~~~~~~^
        self._parameter_constraints,
        ^^^^^^^^^^^^^^^^^^^^^^^^^^^^
        self.get_params(deep=False),
        ^^^^^^^^^^^^^^^^^^^^^^^^^^^^
        caller_name=self.__class__.__name__,
        ^^^^^^^^^^^^^^^^^^^^^^^^^^^^^^^^^^^^
    )
    ^
  File "e:\dsProject\nycTaxiProject\venv\Lib\site-packages\sklearn\utils\_param_validation.py", line 98, in validate_parameter_constraints
    raise InvalidParameterError(
    ...<2 lines>...
    )
sklearn.utils._param_validation.InvalidParameterError: The 'loss' parameter of SGDRegressor must be a str among {'squared_error', 'epsilon_insensitive', 'squared_epsilon_insensitive', 'huber'}. Got 'squared_loss' instead.
[2026-02-24 18:16:27,220 : ERROR : 3416358301 : The 'loss' parameter of SGDRegressor must be a str among {'squared_error', 'epsilon_insensitive', 'squared_epsilon_insensitive', 'huber'}. Got 'squared_loss' instead.]
Traceback (most recent call last):
  File "C:\Users\MANN\AppData\Local\Temp\ipykernel_908\3416358301.py", line 6, in <module>
    model_trainer.train_model()
    ~~~~~~~~~~~~~~~~~~~~~~~~~^^
  File "C:\Users\MANN\AppData\Local\Temp\ipykernel_908\3071898327.py", line 36, in train_model
    raise e
  File "C:\Users\MANN\AppData\Local\Temp\ipykernel_908\3071898327.py", line 31, in train_model
    model=sgd_model(param_kwargs,x_train,y_train)
  File "C:\Users\MANN\AppData\Local\Temp\ipykernel_908\3071898327.py", line 24, in sgd_model
    model.fit(x_train,y_train)
    ~~~~~~~~~^^^^^^^^^^^^^^^^^
  File "e:\dsProject\nycTaxiProject\venv\Lib\site-packages\sklearn\base.py", line 1329, in wrapper
    estimator._validate_params()
    ~~~~~~~~~~~~~~~~~~~~~~~~~~^^
  File "e:\dsProject\nycTaxiProject\venv\Lib\site-packages\sklearn\base.py", line 492, in _validate_params
    validate_parameter_constraints(
    ~~~~~~~~~~~~~~~~~~~~~~~~~~~~~~^
        self._parameter_constraints,
        ^^^^^^^^^^^^^^^^^^^^^^^^^^^^
        self.get_params(deep=False),
        ^^^^^^^^^^^^^^^^^^^^^^^^^^^^
        caller_name=self.__class__.__name__,
        ^^^^^^^^^^^^^^^^^^^^^^^^^^^^^^^^^^^^
    )
    ^
  File "e:\dsProject\nycTaxiProject\venv\Lib\site-packages\sklearn\utils\_param_validation.py", line 98, in validate_parameter_constraints
    raise InvalidParameterError(
    ...<2 lines>...
    )
sklearn.utils._param_validation.InvalidParameterError: The 'loss' parameter of SGDRegressor must be a str among {'squared_error', 'epsilon_insensitive', 'squared_epsilon_insensitive', 'huber'}. Got 'squared_loss' instead.
[2026-02-24 18:18:20,580 : INFO : 3416358301 : >>>>>>>STAGE: MODEL TRAINING STARTED<<<<<<<<< ]
[2026-02-24 18:18:20,603 : INFO : common : yaml file: config\config.yaml LOADED successfully]
[2026-02-24 18:18:20,621 : INFO : common : yaml file: params.yaml LOADED successfully]
[2026-02-24 18:18:20,628 : INFO : common : created directory at: artifacts/model_training]
[2026-02-24 18:18:20,632 : ERROR : 3071898327 : The 'tol' parameter of SGDRegressor must be a float in the range [0.0, inf) or None. Got '1e-3' instead.]
Traceback (most recent call last):
  File "C:\Users\MANN\AppData\Local\Temp\ipykernel_908\3071898327.py", line 31, in train_model
    model=sgd_model(param_kwargs,x_train,y_train)
  File "C:\Users\MANN\AppData\Local\Temp\ipykernel_908\3071898327.py", line 24, in sgd_model
    model.fit(x_train,y_train)
    ~~~~~~~~~^^^^^^^^^^^^^^^^^
  File "e:\dsProject\nycTaxiProject\venv\Lib\site-packages\sklearn\base.py", line 1329, in wrapper
    estimator._validate_params()
    ~~~~~~~~~~~~~~~~~~~~~~~~~~^^
  File "e:\dsProject\nycTaxiProject\venv\Lib\site-packages\sklearn\base.py", line 492, in _validate_params
    validate_parameter_constraints(
    ~~~~~~~~~~~~~~~~~~~~~~~~~~~~~~^
        self._parameter_constraints,
        ^^^^^^^^^^^^^^^^^^^^^^^^^^^^
        self.get_params(deep=False),
        ^^^^^^^^^^^^^^^^^^^^^^^^^^^^
        caller_name=self.__class__.__name__,
        ^^^^^^^^^^^^^^^^^^^^^^^^^^^^^^^^^^^^
    )
    ^
  File "e:\dsProject\nycTaxiProject\venv\Lib\site-packages\sklearn\utils\_param_validation.py", line 98, in validate_parameter_constraints
    raise InvalidParameterError(
    ...<2 lines>...
    )
sklearn.utils._param_validation.InvalidParameterError: The 'tol' parameter of SGDRegressor must be a float in the range [0.0, inf) or None. Got '1e-3' instead.
[2026-02-24 18:18:20,648 : ERROR : 3416358301 : The 'tol' parameter of SGDRegressor must be a float in the range [0.0, inf) or None. Got '1e-3' instead.]
Traceback (most recent call last):
  File "C:\Users\MANN\AppData\Local\Temp\ipykernel_908\3416358301.py", line 6, in <module>
    model_trainer.train_model()
    ~~~~~~~~~~~~~~~~~~~~~~~~~^^
  File "C:\Users\MANN\AppData\Local\Temp\ipykernel_908\3071898327.py", line 36, in train_model
    raise e
  File "C:\Users\MANN\AppData\Local\Temp\ipykernel_908\3071898327.py", line 31, in train_model
    model=sgd_model(param_kwargs,x_train,y_train)
  File "C:\Users\MANN\AppData\Local\Temp\ipykernel_908\3071898327.py", line 24, in sgd_model
    model.fit(x_train,y_train)
    ~~~~~~~~~^^^^^^^^^^^^^^^^^
  File "e:\dsProject\nycTaxiProject\venv\Lib\site-packages\sklearn\base.py", line 1329, in wrapper
    estimator._validate_params()
    ~~~~~~~~~~~~~~~~~~~~~~~~~~^^
  File "e:\dsProject\nycTaxiProject\venv\Lib\site-packages\sklearn\base.py", line 492, in _validate_params
    validate_parameter_constraints(
    ~~~~~~~~~~~~~~~~~~~~~~~~~~~~~~^
        self._parameter_constraints,
        ^^^^^^^^^^^^^^^^^^^^^^^^^^^^
        self.get_params(deep=False),
        ^^^^^^^^^^^^^^^^^^^^^^^^^^^^
        caller_name=self.__class__.__name__,
        ^^^^^^^^^^^^^^^^^^^^^^^^^^^^^^^^^^^^
    )
    ^
  File "e:\dsProject\nycTaxiProject\venv\Lib\site-packages\sklearn\utils\_param_validation.py", line 98, in validate_parameter_constraints
    raise InvalidParameterError(
    ...<2 lines>...
    )
sklearn.utils._param_validation.InvalidParameterError: The 'tol' parameter of SGDRegressor must be a float in the range [0.0, inf) or None. Got '1e-3' instead.
[2026-02-24 18:20:48,975 : INFO : 3416358301 : >>>>>>>STAGE: MODEL TRAINING STARTED<<<<<<<<< ]
[2026-02-24 18:20:48,998 : INFO : common : yaml file: config\config.yaml LOADED successfully]
[2026-02-24 18:20:49,068 : INFO : common : yaml file: params.yaml LOADED successfully]
[2026-02-24 18:20:49,073 : INFO : common : created directory at: artifacts/model_training]
[2026-02-24 18:20:49,085 : ERROR : 3071898327 : could not convert string to float: 'artifacts/data_transformation/train/x_train.csv']
Traceback (most recent call last):
  File "C:\Users\MANN\AppData\Local\Temp\ipykernel_908\3071898327.py", line 31, in train_model
    model=sgd_model(param_kwargs,x_train,y_train)
  File "C:\Users\MANN\AppData\Local\Temp\ipykernel_908\3071898327.py", line 24, in sgd_model
    model.fit(x_train,y_train)
    ~~~~~~~~~^^^^^^^^^^^^^^^^^
  File "e:\dsProject\nycTaxiProject\venv\Lib\site-packages\sklearn\base.py", line 1336, in wrapper
    return fit_method(estimator, *args, **kwargs)
  File "e:\dsProject\nycTaxiProject\venv\Lib\site-packages\sklearn\linear_model\_stochastic_gradient.py", line 1659, in fit
    return self._fit(
           ~~~~~~~~~^
        X,
        ^^
    ...<6 lines>...
        sample_weight=sample_weight,
        ^^^^^^^^^^^^^^^^^^^^^^^^^^^^
    )
    ^
  File "e:\dsProject\nycTaxiProject\venv\Lib\site-packages\sklearn\linear_model\_stochastic_gradient.py", line 1595, in _fit
    self._partial_fit(
    ~~~~~~~~~~~~~~~~~^
        X,
        ^^
    ...<7 lines>...
        intercept_init,
        ^^^^^^^^^^^^^^^
    )
    ^
  File "e:\dsProject\nycTaxiProject\venv\Lib\site-packages\sklearn\linear_model\_stochastic_gradient.py", line 1497, in _partial_fit
    X, y = validate_data(
           ~~~~~~~~~~~~~^
        self,
        ^^^^^
    ...<7 lines>...
        reset=first_call,
        ^^^^^^^^^^^^^^^^^
    )
    ^
  File "e:\dsProject\nycTaxiProject\venv\Lib\site-packages\sklearn\utils\validation.py", line 2919, in validate_data
    X, y = check_X_y(X, y, **check_params)
           ~~~~~~~~~^^^^^^^^^^^^^^^^^^^^^^
  File "e:\dsProject\nycTaxiProject\venv\Lib\site-packages\sklearn\utils\validation.py", line 1314, in check_X_y
    X = check_array(
        X,
    ...<12 lines>...
        input_name="X",
    )
  File "e:\dsProject\nycTaxiProject\venv\Lib\site-packages\sklearn\utils\validation.py", line 1022, in check_array
    array = _asarray_with_order(array, order=order, dtype=dtype, xp=xp)
  File "e:\dsProject\nycTaxiProject\venv\Lib\site-packages\sklearn\utils\_array_api.py", line 878, in _asarray_with_order
    array = numpy.asarray(array, order=order, dtype=dtype)
ValueError: could not convert string to float: 'artifacts/data_transformation/train/x_train.csv'
[2026-02-24 18:20:49,410 : ERROR : 3416358301 : could not convert string to float: 'artifacts/data_transformation/train/x_train.csv']
Traceback (most recent call last):
  File "C:\Users\MANN\AppData\Local\Temp\ipykernel_908\3416358301.py", line 6, in <module>
    model_trainer.train_model()
    ~~~~~~~~~~~~~~~~~~~~~~~~~^^
  File "C:\Users\MANN\AppData\Local\Temp\ipykernel_908\3071898327.py", line 36, in train_model
    raise e
  File "C:\Users\MANN\AppData\Local\Temp\ipykernel_908\3071898327.py", line 31, in train_model
    model=sgd_model(param_kwargs,x_train,y_train)
  File "C:\Users\MANN\AppData\Local\Temp\ipykernel_908\3071898327.py", line 24, in sgd_model
    model.fit(x_train,y_train)
    ~~~~~~~~~^^^^^^^^^^^^^^^^^
  File "e:\dsProject\nycTaxiProject\venv\Lib\site-packages\sklearn\base.py", line 1336, in wrapper
    return fit_method(estimator, *args, **kwargs)
  File "e:\dsProject\nycTaxiProject\venv\Lib\site-packages\sklearn\linear_model\_stochastic_gradient.py", line 1659, in fit
    return self._fit(
           ~~~~~~~~~^
        X,
        ^^
    ...<6 lines>...
        sample_weight=sample_weight,
        ^^^^^^^^^^^^^^^^^^^^^^^^^^^^
    )
    ^
  File "e:\dsProject\nycTaxiProject\venv\Lib\site-packages\sklearn\linear_model\_stochastic_gradient.py", line 1595, in _fit
    self._partial_fit(
    ~~~~~~~~~~~~~~~~~^
        X,
        ^^
    ...<7 lines>...
        intercept_init,
        ^^^^^^^^^^^^^^^
    )
    ^
  File "e:\dsProject\nycTaxiProject\venv\Lib\site-packages\sklearn\linear_model\_stochastic_gradient.py", line 1497, in _partial_fit
    X, y = validate_data(
           ~~~~~~~~~~~~~^
        self,
        ^^^^^
    ...<7 lines>...
        reset=first_call,
        ^^^^^^^^^^^^^^^^^
    )
    ^
  File "e:\dsProject\nycTaxiProject\venv\Lib\site-packages\sklearn\utils\validation.py", line 2919, in validate_data
    X, y = check_X_y(X, y, **check_params)
           ~~~~~~~~~^^^^^^^^^^^^^^^^^^^^^^
  File "e:\dsProject\nycTaxiProject\venv\Lib\site-packages\sklearn\utils\validation.py", line 1314, in check_X_y
    X = check_array(
        X,
    ...<12 lines>...
        input_name="X",
    )
  File "e:\dsProject\nycTaxiProject\venv\Lib\site-packages\sklearn\utils\validation.py", line 1022, in check_array
    array = _asarray_with_order(array, order=order, dtype=dtype, xp=xp)
  File "e:\dsProject\nycTaxiProject\venv\Lib\site-packages\sklearn\utils\_array_api.py", line 878, in _asarray_with_order
    array = numpy.asarray(array, order=order, dtype=dtype)
ValueError: could not convert string to float: 'artifacts/data_transformation/train/x_train.csv'
[2026-02-24 18:24:05,288 : INFO : 3416358301 : >>>>>>>STAGE: MODEL TRAINING STARTED<<<<<<<<< ]
[2026-02-24 18:24:05,306 : INFO : common : yaml file: config\config.yaml LOADED successfully]
[2026-02-24 18:24:05,316 : INFO : common : yaml file: params.yaml LOADED successfully]
[2026-02-24 18:24:05,321 : INFO : common : created directory at: artifacts/model_training]
[2026-02-24 18:28:38,520 : ERROR : 3452888507 : maximum recursion depth exceeded while calling a Python object]
Traceback (most recent call last):
  File "C:\Users\MANN\AppData\Local\Temp\ipykernel_908\3452888507.py", line 32, in train_model
    save_model(model=model,model_dir=model_dir)
    ~~~~~~~~~~^^^^^^^^^^^^^^^^^^^^^^^^^^^^^^^^^
  File "C:\Users\MANN\AppData\Local\Temp\ipykernel_908\3452888507.py", line 29, in save_model
    save_model(model=model,model_dir=model_dir)
    ~~~~~~~~~~^^^^^^^^^^^^^^^^^^^^^^^^^^^^^^^^^
  File "C:\Users\MANN\AppData\Local\Temp\ipykernel_908\3452888507.py", line 29, in save_model
    save_model(model=model,model_dir=model_dir)
    ~~~~~~~~~~^^^^^^^^^^^^^^^^^^^^^^^^^^^^^^^^^
  File "C:\Users\MANN\AppData\Local\Temp\ipykernel_908\3452888507.py", line 29, in save_model
    save_model(model=model,model_dir=model_dir)
    ~~~~~~~~~~^^^^^^^^^^^^^^^^^^^^^^^^^^^^^^^^^
  [Previous line repeated 992 more times]
RecursionError: maximum recursion depth exceeded while calling a Python object
[2026-02-24 18:28:39,040 : ERROR : 3416358301 : maximum recursion depth exceeded while calling a Python object]
Traceback (most recent call last):
  File "C:\Users\MANN\AppData\Local\Temp\ipykernel_908\3416358301.py", line 6, in <module>
    model_trainer.train_model()
    ~~~~~~~~~~~~~~~~~~~~~~~~~^^
  File "C:\Users\MANN\AppData\Local\Temp\ipykernel_908\3452888507.py", line 36, in train_model
    raise e
  File "C:\Users\MANN\AppData\Local\Temp\ipykernel_908\3452888507.py", line 32, in train_model
    save_model(model=model,model_dir=model_dir)
    ~~~~~~~~~~^^^^^^^^^^^^^^^^^^^^^^^^^^^^^^^^^
  File "C:\Users\MANN\AppData\Local\Temp\ipykernel_908\3452888507.py", line 29, in save_model
    save_model(model=model,model_dir=model_dir)
    ~~~~~~~~~~^^^^^^^^^^^^^^^^^^^^^^^^^^^^^^^^^
  File "C:\Users\MANN\AppData\Local\Temp\ipykernel_908\3452888507.py", line 29, in save_model
    save_model(model=model,model_dir=model_dir)
    ~~~~~~~~~~^^^^^^^^^^^^^^^^^^^^^^^^^^^^^^^^^
  File "C:\Users\MANN\AppData\Local\Temp\ipykernel_908\3452888507.py", line 29, in save_model
    save_model(model=model,model_dir=model_dir)
    ~~~~~~~~~~^^^^^^^^^^^^^^^^^^^^^^^^^^^^^^^^^
  [Previous line repeated 992 more times]
RecursionError: maximum recursion depth exceeded while calling a Python object
[2026-02-24 18:35:33,736 : INFO : 3416358301 : >>>>>>>STAGE: MODEL TRAINING STARTED<<<<<<<<< ]
[2026-02-24 18:35:33,753 : INFO : common : yaml file: config\config.yaml LOADED successfully]
[2026-02-24 18:35:33,765 : INFO : common : yaml file: params.yaml LOADED successfully]
[2026-02-24 18:35:33,770 : INFO : common : created directory at: artifacts/model_training]
[2026-02-24 18:39:48,083 : ERROR : 382285495 : typing.Any cannot be used with isinstance()]
Traceback (most recent call last):
  File "C:\Users\MANN\AppData\Local\Temp\ipykernel_908\382285495.py", line 32, in train_model
    save_trained_model(model=model,model_dir=model_dir)
    ~~~~~~~~~~~~~~~~~~^^^^^^^^^^^^^^^^^^^^^^^^^^^^^^^^^
  File "C:\Users\MANN\AppData\Local\Temp\ipykernel_908\382285495.py", line 29, in save_trained_model
    save_model(model=model,model_dir=model_dir)
    ~~~~~~~~~~^^^^^^^^^^^^^^^^^^^^^^^^^^^^^^^^^
  File "e:\dsProject\nycTaxiProject\venv\Lib\site-packages\ensure\main.py", line 868, in __call__
    if not isinstance(value, templ):
           ~~~~~~~~~~^^^^^^^^^^^^^^
  File "e:\dsProject\nycTaxiProject\venv\Lib\typing.py", line 589, in __instancecheck__
    raise TypeError("typing.Any cannot be used with isinstance()")
TypeError: typing.Any cannot be used with isinstance()
[2026-02-24 18:39:48,796 : ERROR : 3416358301 : typing.Any cannot be used with isinstance()]
Traceback (most recent call last):
  File "C:\Users\MANN\AppData\Local\Temp\ipykernel_908\3416358301.py", line 6, in <module>
    model_trainer.train_model()
    ~~~~~~~~~~~~~~~~~~~~~~~~~^^
  File "C:\Users\MANN\AppData\Local\Temp\ipykernel_908\382285495.py", line 36, in train_model
    raise e
  File "C:\Users\MANN\AppData\Local\Temp\ipykernel_908\382285495.py", line 32, in train_model
    save_trained_model(model=model,model_dir=model_dir)
    ~~~~~~~~~~~~~~~~~~^^^^^^^^^^^^^^^^^^^^^^^^^^^^^^^^^
  File "C:\Users\MANN\AppData\Local\Temp\ipykernel_908\382285495.py", line 29, in save_trained_model
    save_model(model=model,model_dir=model_dir)
    ~~~~~~~~~~^^^^^^^^^^^^^^^^^^^^^^^^^^^^^^^^^
  File "e:\dsProject\nycTaxiProject\venv\Lib\site-packages\ensure\main.py", line 868, in __call__
    if not isinstance(value, templ):
           ~~~~~~~~~~^^^^^^^^^^^^^^
  File "e:\dsProject\nycTaxiProject\venv\Lib\typing.py", line 589, in __instancecheck__
    raise TypeError("typing.Any cannot be used with isinstance()")
TypeError: typing.Any cannot be used with isinstance()
[2026-02-24 18:42:32,919 : INFO : 3416358301 : >>>>>>>STAGE: MODEL TRAINING STARTED<<<<<<<<< ]
[2026-02-24 18:42:32,940 : INFO : common : yaml file: config\config.yaml LOADED successfully]
[2026-02-24 18:42:32,949 : INFO : common : yaml file: params.yaml LOADED successfully]
[2026-02-24 18:42:32,956 : INFO : common : created directory at: artifacts/model_training]
[2026-02-24 18:47:38,376 : ERROR : 382285495 : typing.Any cannot be used with isinstance()]
Traceback (most recent call last):
  File "C:\Users\MANN\AppData\Local\Temp\ipykernel_908\382285495.py", line 32, in train_model
    save_trained_model(model=model,model_dir=model_dir)
    ~~~~~~~~~~~~~~~~~~^^^^^^^^^^^^^^^^^^^^^^^^^^^^^^^^^
  File "C:\Users\MANN\AppData\Local\Temp\ipykernel_908\382285495.py", line 29, in save_trained_model
    save_model(model=model,model_dir=model_dir)
    ~~~~~~~~~~^^^^^^^^^^^^^^^^^^^^^^^^^^^^^^^^^
  File "e:\dsProject\nycTaxiProject\venv\Lib\site-packages\ensure\main.py", line 868, in __call__
    if not isinstance(value, templ):
           ~~~~~~~~~~^^^^^^^^^^^^^^
  File "e:\dsProject\nycTaxiProject\venv\Lib\typing.py", line 589, in __instancecheck__
    raise TypeError("typing.Any cannot be used with isinstance()")
TypeError: typing.Any cannot be used with isinstance()
[2026-02-24 18:47:38,385 : ERROR : 3416358301 : typing.Any cannot be used with isinstance()]
Traceback (most recent call last):
  File "C:\Users\MANN\AppData\Local\Temp\ipykernel_908\3416358301.py", line 6, in <module>
    model_trainer.train_model()
    ~~~~~~~~~~~~~~~~~~~~~~~~~^^
  File "C:\Users\MANN\AppData\Local\Temp\ipykernel_908\382285495.py", line 36, in train_model
    raise e
  File "C:\Users\MANN\AppData\Local\Temp\ipykernel_908\382285495.py", line 32, in train_model
    save_trained_model(model=model,model_dir=model_dir)
    ~~~~~~~~~~~~~~~~~~^^^^^^^^^^^^^^^^^^^^^^^^^^^^^^^^^
  File "C:\Users\MANN\AppData\Local\Temp\ipykernel_908\382285495.py", line 29, in save_trained_model
    save_model(model=model,model_dir=model_dir)
    ~~~~~~~~~~^^^^^^^^^^^^^^^^^^^^^^^^^^^^^^^^^
  File "e:\dsProject\nycTaxiProject\venv\Lib\site-packages\ensure\main.py", line 868, in __call__
    if not isinstance(value, templ):
           ~~~~~~~~~~^^^^^^^^^^^^^^
  File "e:\dsProject\nycTaxiProject\venv\Lib\typing.py", line 589, in __instancecheck__
    raise TypeError("typing.Any cannot be used with isinstance()")
TypeError: typing.Any cannot be used with isinstance()
[2026-02-24 18:49:38,191 : INFO : 3416358301 : >>>>>>>STAGE: MODEL TRAINING STARTED<<<<<<<<< ]
[2026-02-24 18:49:38,215 : INFO : common : yaml file: config\config.yaml LOADED successfully]
[2026-02-24 18:49:38,227 : INFO : common : yaml file: params.yaml LOADED successfully]
[2026-02-24 18:49:38,234 : INFO : common : created directory at: artifacts/model_training]
[2026-02-24 18:55:22,990 : INFO : 3416358301 : >>>>>>>STAGE: MODEL TRAINING STARTED<<<<<<<<< ]
[2026-02-24 18:55:23,011 : INFO : common : yaml file: config\config.yaml LOADED successfully]
[2026-02-24 18:55:23,024 : INFO : common : yaml file: params.yaml LOADED successfully]
[2026-02-24 18:55:23,030 : INFO : common : created directory at: artifacts/model_training]
[2026-02-24 19:00:23,636 : ERROR : 1122185472 : typing.Any cannot be used with isinstance()]
Traceback (most recent call last):
  File "C:\Users\MANN\AppData\Local\Temp\ipykernel_908\1122185472.py", line 32, in train_model
    save_trained_model(model=model,model_dir=model_dir)
    ~~~~~~~~~~~~~~~~~~^^^^^^^^^^^^^^^^^^^^^^^^^^^^^^^^^
  File "C:\Users\MANN\AppData\Local\Temp\ipykernel_908\1122185472.py", line 29, in save_trained_model
    save_model(model=model,path=model_dir)
    ~~~~~~~~~~^^^^^^^^^^^^^^^^^^^^^^^^^^^^
  File "e:\dsProject\nycTaxiProject\venv\Lib\site-packages\ensure\main.py", line 868, in __call__
    if not isinstance(value, templ):
           ~~~~~~~~~~^^^^^^^^^^^^^^
  File "e:\dsProject\nycTaxiProject\venv\Lib\typing.py", line 589, in __instancecheck__
    raise TypeError("typing.Any cannot be used with isinstance()")
TypeError: typing.Any cannot be used with isinstance()
[2026-02-24 19:00:23,643 : ERROR : 3416358301 : typing.Any cannot be used with isinstance()]
Traceback (most recent call last):
  File "C:\Users\MANN\AppData\Local\Temp\ipykernel_908\3416358301.py", line 6, in <module>
    model_trainer.train_model()
    ~~~~~~~~~~~~~~~~~~~~~~~~~^^
  File "C:\Users\MANN\AppData\Local\Temp\ipykernel_908\1122185472.py", line 36, in train_model
    raise e
  File "C:\Users\MANN\AppData\Local\Temp\ipykernel_908\1122185472.py", line 32, in train_model
    save_trained_model(model=model,model_dir=model_dir)
    ~~~~~~~~~~~~~~~~~~^^^^^^^^^^^^^^^^^^^^^^^^^^^^^^^^^
  File "C:\Users\MANN\AppData\Local\Temp\ipykernel_908\1122185472.py", line 29, in save_trained_model
    save_model(model=model,path=model_dir)
    ~~~~~~~~~~^^^^^^^^^^^^^^^^^^^^^^^^^^^^
  File "e:\dsProject\nycTaxiProject\venv\Lib\site-packages\ensure\main.py", line 868, in __call__
    if not isinstance(value, templ):
           ~~~~~~~~~~^^^^^^^^^^^^^^
  File "e:\dsProject\nycTaxiProject\venv\Lib\typing.py", line 589, in __instancecheck__
    raise TypeError("typing.Any cannot be used with isinstance()")
TypeError: typing.Any cannot be used with isinstance()
[2026-02-24 19:03:12,972 : INFO : 3416358301 : >>>>>>>STAGE: MODEL TRAINING STARTED<<<<<<<<< ]
[2026-02-24 19:03:12,991 : INFO : common : yaml file: config\config.yaml LOADED successfully]
[2026-02-24 19:03:13,001 : INFO : common : yaml file: params.yaml LOADED successfully]
[2026-02-24 19:03:13,005 : INFO : common : created directory at: artifacts/model_training]
[2026-02-24 19:08:06,853 : ERROR : 3396861305 : typing.Any cannot be used with isinstance()]
Traceback (most recent call last):
  File "C:\Users\MANN\AppData\Local\Temp\ipykernel_908\3396861305.py", line 32, in train_model
    save_trained_model(model=model,model_dir=model_dir)
    ~~~~~~~~~~~~~~~~~~^^^^^^^^^^^^^^^^^^^^^^^^^^^^^^^^^
  File "C:\Users\MANN\AppData\Local\Temp\ipykernel_908\3396861305.py", line 29, in save_trained_model
    save_model(model=model,path=model_dir)
    ~~~~~~~~~~^^^^^^^^^^^^^^^^^^^^^^^^^^^^
  File "e:\dsProject\nycTaxiProject\venv\Lib\site-packages\ensure\main.py", line 868, in __call__
    if not isinstance(value, templ):
           ~~~~~~~~~~^^^^^^^^^^^^^^
  File "e:\dsProject\nycTaxiProject\venv\Lib\typing.py", line 589, in __instancecheck__
    raise TypeError("typing.Any cannot be used with isinstance()")
TypeError: typing.Any cannot be used with isinstance()
[2026-02-24 19:08:06,860 : ERROR : 3416358301 : typing.Any cannot be used with isinstance()]
Traceback (most recent call last):
  File "C:\Users\MANN\AppData\Local\Temp\ipykernel_908\3416358301.py", line 6, in <module>
    model_trainer.train_model()
    ~~~~~~~~~~~~~~~~~~~~~~~~~^^
  File "C:\Users\MANN\AppData\Local\Temp\ipykernel_908\3396861305.py", line 36, in train_model
    raise e
  File "C:\Users\MANN\AppData\Local\Temp\ipykernel_908\3396861305.py", line 32, in train_model
    save_trained_model(model=model,model_dir=model_dir)
    ~~~~~~~~~~~~~~~~~~^^^^^^^^^^^^^^^^^^^^^^^^^^^^^^^^^
  File "C:\Users\MANN\AppData\Local\Temp\ipykernel_908\3396861305.py", line 29, in save_trained_model
    save_model(model=model,path=model_dir)
    ~~~~~~~~~~^^^^^^^^^^^^^^^^^^^^^^^^^^^^
  File "e:\dsProject\nycTaxiProject\venv\Lib\site-packages\ensure\main.py", line 868, in __call__
    if not isinstance(value, templ):
           ~~~~~~~~~~^^^^^^^^^^^^^^
  File "e:\dsProject\nycTaxiProject\venv\Lib\typing.py", line 589, in __instancecheck__
    raise TypeError("typing.Any cannot be used with isinstance()")
TypeError: typing.Any cannot be used with isinstance()
[2026-02-24 19:22:05,445 : INFO : 3416358301 : >>>>>>>STAGE: MODEL TRAINING STARTED<<<<<<<<< ]
[2026-02-24 19:22:05,467 : INFO : common : yaml file: config\config.yaml LOADED successfully]
[2026-02-24 19:22:05,478 : INFO : common : yaml file: params.yaml LOADED successfully]
[2026-02-24 19:22:05,484 : INFO : common : created directory at: artifacts/model_training]
[2026-02-24 19:26:22,870 : INFO : common : model saved at: artifacts\model_training\model.pkl and size of the model is: ~ 2KB]
[2026-02-24 19:26:22,873 : ERROR : 3396861305 : isinstance() arg 2 must be a type, a tuple of types, or a union]
Traceback (most recent call last):
  File "C:\Users\MANN\AppData\Local\Temp\ipykernel_11480\3396861305.py", line 32, in train_model
    save_trained_model(model=model,model_dir=model_dir)
    ~~~~~~~~~~~~~~~~~~^^^^^^^^^^^^^^^^^^^^^^^^^^^^^^^^^
  File "C:\Users\MANN\AppData\Local\Temp\ipykernel_11480\3396861305.py", line 29, in save_trained_model
    save_model(model=model,path=model_dir)
    ~~~~~~~~~~^^^^^^^^^^^^^^^^^^^^^^^^^^^^
  File "e:\dsProject\nycTaxiProject\venv\Lib\site-packages\ensure\main.py", line 873, in __call__
    if not isinstance(return_val, self.return_templ):
           ~~~~~~~~~~^^^^^^^^^^^^^^^^^^^^^^^^^^^^^^^
TypeError: isinstance() arg 2 must be a type, a tuple of types, or a union
[2026-02-24 19:26:22,897 : ERROR : 3416358301 : isinstance() arg 2 must be a type, a tuple of types, or a union]
Traceback (most recent call last):
  File "C:\Users\MANN\AppData\Local\Temp\ipykernel_11480\3416358301.py", line 6, in <module>
    model_trainer.train_model()
    ~~~~~~~~~~~~~~~~~~~~~~~~~^^
  File "C:\Users\MANN\AppData\Local\Temp\ipykernel_11480\3396861305.py", line 36, in train_model
    raise e
  File "C:\Users\MANN\AppData\Local\Temp\ipykernel_11480\3396861305.py", line 32, in train_model
    save_trained_model(model=model,model_dir=model_dir)
    ~~~~~~~~~~~~~~~~~~^^^^^^^^^^^^^^^^^^^^^^^^^^^^^^^^^
  File "C:\Users\MANN\AppData\Local\Temp\ipykernel_11480\3396861305.py", line 29, in save_trained_model
    save_model(model=model,path=model_dir)
    ~~~~~~~~~~^^^^^^^^^^^^^^^^^^^^^^^^^^^^
  File "e:\dsProject\nycTaxiProject\venv\Lib\site-packages\ensure\main.py", line 873, in __call__
    if not isinstance(return_val, self.return_templ):
           ~~~~~~~~~~^^^^^^^^^^^^^^^^^^^^^^^^^^^^^^^
TypeError: isinstance() arg 2 must be a type, a tuple of types, or a union
[2026-02-24 19:32:33,662 : INFO : 3416358301 : >>>>>>>STAGE: MODEL TRAINING STARTED<<<<<<<<< ]
[2026-02-24 19:32:33,679 : INFO : common : yaml file: config\config.yaml LOADED successfully]
[2026-02-24 19:32:33,689 : INFO : common : yaml file: params.yaml LOADED successfully]
[2026-02-24 19:32:33,695 : INFO : common : created directory at: artifacts/model_training]
[2026-02-24 19:36:47,976 : INFO : common : model saved at: artifacts\model_training\model.pkl and size of the model is: ~ 2KB]
[2026-02-24 19:36:47,979 : ERROR : 3396861305 : isinstance() arg 2 must be a type, a tuple of types, or a union]
Traceback (most recent call last):
  File "C:\Users\MANN\AppData\Local\Temp\ipykernel_11480\3396861305.py", line 32, in train_model
    save_trained_model(model=model,model_dir=model_dir)
    ~~~~~~~~~~~~~~~~~~^^^^^^^^^^^^^^^^^^^^^^^^^^^^^^^^^
  File "C:\Users\MANN\AppData\Local\Temp\ipykernel_11480\3396861305.py", line 29, in save_trained_model
    save_model(model=model,path=model_dir)
    ~~~~~~~~~~^^^^^^^^^^^^^^^^^^^^^^^^^^^^
  File "e:\dsProject\nycTaxiProject\venv\Lib\site-packages\ensure\main.py", line 873, in __call__
    if not isinstance(return_val, self.return_templ):
           ~~~~~~~~~~^^^^^^^^^^^^^^^^^^^^^^^^^^^^^^^
TypeError: isinstance() arg 2 must be a type, a tuple of types, or a union
[2026-02-24 19:36:47,987 : ERROR : 3416358301 : isinstance() arg 2 must be a type, a tuple of types, or a union]
Traceback (most recent call last):
  File "C:\Users\MANN\AppData\Local\Temp\ipykernel_11480\3416358301.py", line 6, in <module>
    model_trainer.train_model()
    ~~~~~~~~~~~~~~~~~~~~~~~~~^^
  File "C:\Users\MANN\AppData\Local\Temp\ipykernel_11480\3396861305.py", line 36, in train_model
    raise e
  File "C:\Users\MANN\AppData\Local\Temp\ipykernel_11480\3396861305.py", line 32, in train_model
    save_trained_model(model=model,model_dir=model_dir)
    ~~~~~~~~~~~~~~~~~~^^^^^^^^^^^^^^^^^^^^^^^^^^^^^^^^^
  File "C:\Users\MANN\AppData\Local\Temp\ipykernel_11480\3396861305.py", line 29, in save_trained_model
    save_model(model=model,path=model_dir)
    ~~~~~~~~~~^^^^^^^^^^^^^^^^^^^^^^^^^^^^
  File "e:\dsProject\nycTaxiProject\venv\Lib\site-packages\ensure\main.py", line 873, in __call__
    if not isinstance(return_val, self.return_templ):
           ~~~~~~~~~~^^^^^^^^^^^^^^^^^^^^^^^^^^^^^^^
TypeError: isinstance() arg 2 must be a type, a tuple of types, or a union
[2026-02-24 19:38:00,179 : INFO : 3416358301 : >>>>>>>STAGE: MODEL TRAINING STARTED<<<<<<<<< ]
[2026-02-24 19:38:00,199 : INFO : common : yaml file: config\config.yaml LOADED successfully]
[2026-02-24 19:38:00,209 : INFO : common : yaml file: params.yaml LOADED successfully]
[2026-02-24 19:38:00,215 : INFO : common : created directory at: artifacts/model_training]
[2026-02-24 19:42:44,384 : INFO : common : model saved at: artifacts\model_training\model.pkl and size of the model is: ~ 2KB]
[2026-02-24 19:42:44,387 : ERROR : 3396861305 : isinstance() arg 2 must be a type, a tuple of types, or a union]
Traceback (most recent call last):
  File "C:\Users\MANN\AppData\Local\Temp\ipykernel_11480\3396861305.py", line 32, in train_model
    save_trained_model(model=model,model_dir=model_dir)
    ~~~~~~~~~~~~~~~~~~^^^^^^^^^^^^^^^^^^^^^^^^^^^^^^^^^
  File "C:\Users\MANN\AppData\Local\Temp\ipykernel_11480\3396861305.py", line 29, in save_trained_model
    save_model(model=model,path=model_dir)
    ~~~~~~~~~~^^^^^^^^^^^^^^^^^^^^^^^^^^^^
  File "e:\dsProject\nycTaxiProject\venv\Lib\site-packages\ensure\main.py", line 873, in __call__
    if not isinstance(return_val, self.return_templ):
           ~~~~~~~~~~^^^^^^^^^^^^^^^^^^^^^^^^^^^^^^^
TypeError: isinstance() arg 2 must be a type, a tuple of types, or a union
[2026-02-24 19:42:44,394 : ERROR : 3416358301 : isinstance() arg 2 must be a type, a tuple of types, or a union]
Traceback (most recent call last):
  File "C:\Users\MANN\AppData\Local\Temp\ipykernel_11480\3416358301.py", line 6, in <module>
    model_trainer.train_model()
    ~~~~~~~~~~~~~~~~~~~~~~~~~^^
  File "C:\Users\MANN\AppData\Local\Temp\ipykernel_11480\3396861305.py", line 36, in train_model
    raise e
  File "C:\Users\MANN\AppData\Local\Temp\ipykernel_11480\3396861305.py", line 32, in train_model
    save_trained_model(model=model,model_dir=model_dir)
    ~~~~~~~~~~~~~~~~~~^^^^^^^^^^^^^^^^^^^^^^^^^^^^^^^^^
  File "C:\Users\MANN\AppData\Local\Temp\ipykernel_11480\3396861305.py", line 29, in save_trained_model
    save_model(model=model,path=model_dir)
    ~~~~~~~~~~^^^^^^^^^^^^^^^^^^^^^^^^^^^^
  File "e:\dsProject\nycTaxiProject\venv\Lib\site-packages\ensure\main.py", line 873, in __call__
    if not isinstance(return_val, self.return_templ):
           ~~~~~~~~~~^^^^^^^^^^^^^^^^^^^^^^^^^^^^^^^
TypeError: isinstance() arg 2 must be a type, a tuple of types, or a union
[2026-02-24 19:46:26,910 : INFO : 3416358301 : >>>>>>>STAGE: MODEL TRAINING STARTED<<<<<<<<< ]
[2026-02-24 19:46:26,932 : INFO : common : yaml file: config\config.yaml LOADED successfully]
[2026-02-24 19:46:26,944 : INFO : common : yaml file: params.yaml LOADED successfully]
[2026-02-24 19:46:26,950 : INFO : common : created directory at: artifacts/model_training]
[2026-02-24 19:51:19,845 : INFO : common : model saved at: artifacts\model_training\model.pkl and size of the model is: ~ 2KB]
[2026-02-24 19:51:19,863 : INFO : 3416358301 : >>>>>>>STAGE: MODEL TRAINING ENDED<<<<<<<<< ]
[2026-02-24 20:02:54,803 : INFO : 3416358301 : >>>>>>>STAGE: MODEL TRAINING STARTED<<<<<<<<< ]
[2026-02-24 20:02:54,822 : INFO : common : yaml file: config\config.yaml LOADED successfully]
[2026-02-24 20:02:54,833 : INFO : common : yaml file: params.yaml LOADED successfully]
[2026-02-24 20:02:54,838 : INFO : common : created directory at: artifacts/model_training]
[2026-02-24 20:08:00,941 : INFO : common : model saved at: artifacts\model_training\sgdModel.pkl and size of the model is: ~ 2KB]
[2026-02-24 20:08:00,958 : INFO : 3416358301 : >>>>>>>STAGE: MODEL TRAINING ENDED<<<<<<<<< ]
[2026-02-24 20:36:56,522 : INFO : stage_04_model_training : >>>>>>>STAGE: MODEL TRAINING STARTED<<<<<<<<< ]
[2026-02-24 20:36:56,610 : INFO : common : yaml file: config\config.yaml LOADED successfully]
[2026-02-24 20:36:56,634 : INFO : common : yaml file: params.yaml LOADED successfully]
[2026-02-24 20:36:56,641 : INFO : common : created directory at: artifacts]
[2026-02-24 20:36:56,646 : INFO : common : created directory at: artifacts/model_training]
[2026-02-24 20:41:53,776 : INFO : common : model saved at: artifacts\model_training\sgdModel.pkl and size of the model is: ~ 2KB]
[2026-02-24 20:41:53,796 : INFO : stage_04_model_training : >>>>>>>STAGE: MODEL TRAINING ENDED<<<<<<<<< ]
[2026-02-25 01:44:17,894 : INFO : 2732152694 : >>>>>>>STAGE: MODEL EVALUATION Started<<<<<<<<< ]
[2026-02-25 01:44:18,370 : INFO : common : yaml file: config\config.yaml LOADED successfully]
[2026-02-25 01:44:18,508 : INFO : common : yaml file: params.yaml LOADED successfully]
[2026-02-25 01:44:18,628 : INFO : common : created directory at: artifacts/modelEvaluatioin]
[2026-02-25 01:44:18,634 : ERROR : 2732152694 : ModelEvaluationConfig.__init__() missing 1 required positional argument: 'model_dir']
Traceback (most recent call last):
  File "C:\Users\MANN\AppData\Local\Temp\ipykernel_8536\2732152694.py", line 4, in <module>
    model_evaluation_config=config.get_model_evaluation()
  File "C:\Users\MANN\AppData\Local\Temp\ipykernel_8536\2932978724.py", line 14, in get_model_evaluation
    model_evaluation_config=ModelEvaluationConfig(
        root_dir=config.root_dir,
    ...<3 lines>...
        y_test_dir=config.y_test_dir
    )
TypeError: ModelEvaluationConfig.__init__() missing 1 required positional argument: 'model_dir'
[2026-02-25 01:44:55,323 : INFO : 2732152694 : >>>>>>>STAGE: MODEL EVALUATION Started<<<<<<<<< ]
[2026-02-25 01:44:55,346 : INFO : common : yaml file: config\config.yaml LOADED successfully]
[2026-02-25 01:44:55,356 : INFO : common : yaml file: params.yaml LOADED successfully]
[2026-02-25 01:44:55,366 : INFO : common : created directory at: artifacts/modelEvaluatioin]
[2026-02-25 01:44:59,678 : ERROR : 1727697915 : Expected 2D array, got scalar array instead:
array=artifacts/data_transformation/train/x_train.csv.
Reshape your data either using array.reshape(-1, 1) if your data has a single feature or array.reshape(1, -1) if it contains a single sample.]
Traceback (most recent call last):
  File "C:\Users\MANN\AppData\Local\Temp\ipykernel_8536\1727697915.py", line 7, in evaluate_model
    y_pred = model.predict(X)
  File "e:\dsProject\nycTaxiProject\venv\Lib\site-packages\sklearn\linear_model\_stochastic_gradient.py", line 1702, in predict
    return self._decision_function(X)
           ~~~~~~~~~~~~~~~~~~~~~~~^^^
  File "e:\dsProject\nycTaxiProject\venv\Lib\site-packages\sklearn\linear_model\_stochastic_gradient.py", line 1684, in _decision_function
    X = validate_data(self, X, accept_sparse="csr", reset=False)
  File "e:\dsProject\nycTaxiProject\venv\Lib\site-packages\sklearn\utils\validation.py", line 2902, in validate_data
    out = check_array(X, input_name="X", **check_params)
  File "e:\dsProject\nycTaxiProject\venv\Lib\site-packages\sklearn\utils\validation.py", line 1037, in check_array
    raise ValueError(
    ...<4 lines>...
    )
ValueError: Expected 2D array, got scalar array instead:
array=artifacts/data_transformation/train/x_train.csv.
Reshape your data either using array.reshape(-1, 1) if your data has a single feature or array.reshape(1, -1) if it contains a single sample.
[2026-02-25 01:44:59,759 : ERROR : 2732152694 : Expected 2D array, got scalar array instead:
array=artifacts/data_transformation/train/x_train.csv.
Reshape your data either using array.reshape(-1, 1) if your data has a single feature or array.reshape(1, -1) if it contains a single sample.]
Traceback (most recent call last):
  File "C:\Users\MANN\AppData\Local\Temp\ipykernel_8536\2732152694.py", line 8, in <module>
    model_evaluation.evaluate_model(x,y,"training")
    ~~~~~~~~~~~~~~~~~~~~~~~~~~~~~~~^^^^^^^^^^^^^^^^
  File "C:\Users\MANN\AppData\Local\Temp\ipykernel_8536\1727697915.py", line 20, in evaluate_model
    raise e
  File "C:\Users\MANN\AppData\Local\Temp\ipykernel_8536\1727697915.py", line 7, in evaluate_model
    y_pred = model.predict(X)
  File "e:\dsProject\nycTaxiProject\venv\Lib\site-packages\sklearn\linear_model\_stochastic_gradient.py", line 1702, in predict
    return self._decision_function(X)
           ~~~~~~~~~~~~~~~~~~~~~~~^^^
  File "e:\dsProject\nycTaxiProject\venv\Lib\site-packages\sklearn\linear_model\_stochastic_gradient.py", line 1684, in _decision_function
    X = validate_data(self, X, accept_sparse="csr", reset=False)
  File "e:\dsProject\nycTaxiProject\venv\Lib\site-packages\sklearn\utils\validation.py", line 2902, in validate_data
    out = check_array(X, input_name="X", **check_params)
  File "e:\dsProject\nycTaxiProject\venv\Lib\site-packages\sklearn\utils\validation.py", line 1037, in check_array
    raise ValueError(
    ...<4 lines>...
    )
ValueError: Expected 2D array, got scalar array instead:
array=artifacts/data_transformation/train/x_train.csv.
Reshape your data either using array.reshape(-1, 1) if your data has a single feature or array.reshape(1, -1) if it contains a single sample.
[2026-02-25 01:46:28,179 : INFO : 2732152694 : >>>>>>>STAGE: MODEL EVALUATION Started<<<<<<<<< ]
[2026-02-25 01:46:28,200 : INFO : common : yaml file: config\config.yaml LOADED successfully]
[2026-02-25 01:46:28,212 : INFO : common : yaml file: params.yaml LOADED successfully]
[2026-02-25 01:46:28,217 : INFO : common : created directory at: artifacts/modelEvaluatioin]
[2026-02-25 01:46:28,225 : ERROR : 1727697915 : Expected 2D array, got scalar array instead:
array=artifacts/data_transformation/train/x_train.csv.
Reshape your data either using array.reshape(-1, 1) if your data has a single feature or array.reshape(1, -1) if it contains a single sample.]
Traceback (most recent call last):
  File "C:\Users\MANN\AppData\Local\Temp\ipykernel_8536\1727697915.py", line 7, in evaluate_model
    y_pred = model.predict(X)
  File "e:\dsProject\nycTaxiProject\venv\Lib\site-packages\sklearn\linear_model\_stochastic_gradient.py", line 1702, in predict
    return self._decision_function(X)
           ~~~~~~~~~~~~~~~~~~~~~~~^^^
  File "e:\dsProject\nycTaxiProject\venv\Lib\site-packages\sklearn\linear_model\_stochastic_gradient.py", line 1684, in _decision_function
    X = validate_data(self, X, accept_sparse="csr", reset=False)
  File "e:\dsProject\nycTaxiProject\venv\Lib\site-packages\sklearn\utils\validation.py", line 2902, in validate_data
    out = check_array(X, input_name="X", **check_params)
  File "e:\dsProject\nycTaxiProject\venv\Lib\site-packages\sklearn\utils\validation.py", line 1037, in check_array
    raise ValueError(
    ...<4 lines>...
    )
ValueError: Expected 2D array, got scalar array instead:
array=artifacts/data_transformation/train/x_train.csv.
Reshape your data either using array.reshape(-1, 1) if your data has a single feature or array.reshape(1, -1) if it contains a single sample.
[2026-02-25 01:46:28,234 : ERROR : 2732152694 : Expected 2D array, got scalar array instead:
array=artifacts/data_transformation/train/x_train.csv.
Reshape your data either using array.reshape(-1, 1) if your data has a single feature or array.reshape(1, -1) if it contains a single sample.]
Traceback (most recent call last):
  File "C:\Users\MANN\AppData\Local\Temp\ipykernel_8536\2732152694.py", line 8, in <module>
    model_evaluation.evaluate_model(x,y,"training")
    ~~~~~~~~~~~~~~~~~~~~~~~~~~~~~~~^^^^^^^^^^^^^^^^
  File "C:\Users\MANN\AppData\Local\Temp\ipykernel_8536\1727697915.py", line 20, in evaluate_model
    raise e
  File "C:\Users\MANN\AppData\Local\Temp\ipykernel_8536\1727697915.py", line 7, in evaluate_model
    y_pred = model.predict(X)
  File "e:\dsProject\nycTaxiProject\venv\Lib\site-packages\sklearn\linear_model\_stochastic_gradient.py", line 1702, in predict
    return self._decision_function(X)
           ~~~~~~~~~~~~~~~~~~~~~~~^^^
  File "e:\dsProject\nycTaxiProject\venv\Lib\site-packages\sklearn\linear_model\_stochastic_gradient.py", line 1684, in _decision_function
    X = validate_data(self, X, accept_sparse="csr", reset=False)
  File "e:\dsProject\nycTaxiProject\venv\Lib\site-packages\sklearn\utils\validation.py", line 2902, in validate_data
    out = check_array(X, input_name="X", **check_params)
  File "e:\dsProject\nycTaxiProject\venv\Lib\site-packages\sklearn\utils\validation.py", line 1037, in check_array
    raise ValueError(
    ...<4 lines>...
    )
ValueError: Expected 2D array, got scalar array instead:
array=artifacts/data_transformation/train/x_train.csv.
Reshape your data either using array.reshape(-1, 1) if your data has a single feature or array.reshape(1, -1) if it contains a single sample.
[2026-02-25 01:47:33,130 : INFO : 2954336220 : >>>>>>>STAGE: MODEL EVALUATION Started<<<<<<<<< ]
[2026-02-25 01:47:33,150 : INFO : common : yaml file: config\config.yaml LOADED successfully]
[2026-02-25 01:47:33,162 : INFO : common : yaml file: params.yaml LOADED successfully]
[2026-02-25 01:47:33,167 : INFO : common : created directory at: artifacts/modelEvaluatioin]
[2026-02-25 01:47:33,170 : ERROR : 2954336220 : name 'pd' is not defined]
Traceback (most recent call last):
  File "C:\Users\MANN\AppData\Local\Temp\ipykernel_8536\2954336220.py", line 5, in <module>
    x=pd.read_csv(model_evaluation_config.x_train_dir)
      ^^
NameError: name 'pd' is not defined. Did you mean: 'id'?
[2026-02-25 01:47:59,219 : INFO : 2954336220 : >>>>>>>STAGE: MODEL EVALUATION Started<<<<<<<<< ]
[2026-02-25 01:47:59,241 : INFO : common : yaml file: config\config.yaml LOADED successfully]
[2026-02-25 01:47:59,250 : INFO : common : yaml file: params.yaml LOADED successfully]
[2026-02-25 01:47:59,255 : INFO : common : created directory at: artifacts/modelEvaluatioin]
[2026-02-25 01:48:05,301 : INFO : 2954336220 : >>>>>>>STAGE: MODEL EVALUATION ENDED<<<<<<<<< ]
[2026-02-25 01:59:53,695 : INFO : 4138332530 : >>>>>>>STAGE: DATA TRANSFORMATION STARTED<<<<<<<<< ]
[2026-02-25 01:59:53,722 : INFO : common : yaml file: config\config.yaml LOADED successfully]
[2026-02-25 01:59:53,737 : INFO : common : yaml file: params.yaml LOADED successfully]
[2026-02-25 01:59:53,746 : INFO : common : created directory at: artifacts/data_transformation]
[2026-02-25 01:59:53,750 : INFO : common : created directory at: artifacts/data_transformation/train]
[2026-02-25 01:59:53,759 : INFO : common : created directory at: artifacts/data_transformation/test]
[2026-02-25 01:59:53,766 : INFO : common : created directory at: artifacts/data_transformation/before_encoding]
[2026-02-25 02:00:00,139 : INFO : 2778395237 : Data Loaded from artifacts/data_ingestion/data.csv successfully]
[2026-02-25 02:00:00,579 : INFO : 2778395237 : FILLING MISSING VALUES]
[2026-02-25 02:00:05,116 : INFO : 2778395237 : Preprocessing DateTime completed]
[2026-02-25 02:00:08,493 : INFO : 2778395237 : Data Cleaning completed]
[2026-02-25 02:00:10,256 : INFO : 2778395237 : Feature Engineering completed]
[2026-02-25 02:00:11,291 : INFO : 2778395237 : Train-Test Split completed with test size: 71364]
[2026-02-25 02:00:11,473 : INFO : 2778395237 : Clipping Outliers completed]
[2026-02-25 02:00:30,578 : INFO : 2778395237 : Before Encoding data saved at artifacts/data_transformation/before_encoding successfully...]
[2026-02-25 02:01:11,562 : INFO : 2778395237 : Trasnfomred data saved at artifacts/data_transformation successfully...]
[2026-02-25 02:01:11,611 : INFO : 4138332530 : >>>>>>>STAGE: DATA TRANSFORMATION ENDED<<<<<<<<< ]
[2026-02-25 02:07:11,425 : INFO : 3106756834 : >>>>>>>STAGE: MODEL TRAINING STARTED<<<<<<<<< ]
[2026-02-25 02:07:11,471 : INFO : common : yaml file: config\config.yaml LOADED successfully]
[2026-02-25 02:07:11,487 : INFO : common : yaml file: params.yaml LOADED successfully]
[2026-02-25 02:07:11,494 : INFO : common : created directory at: artifacts/model_training]
[2026-02-25 02:07:59,407 : INFO : common : model saved at: artifacts\model_training\sgdModel.pkl and size of the model is: ~ 2KB]
[2026-02-25 02:07:59,428 : INFO : 3106756834 : >>>>>>>STAGE: MODEL TRAINING ENDED<<<<<<<<< ]
[2026-02-25 02:12:03,489 : INFO : 2954336220 : >>>>>>>STAGE: MODEL EVALUATION Started<<<<<<<<< ]
[2026-02-25 02:12:03,528 : INFO : common : yaml file: config\config.yaml LOADED successfully]
[2026-02-25 02:12:03,546 : INFO : common : yaml file: params.yaml LOADED successfully]
[2026-02-25 02:12:03,557 : INFO : common : created directory at: artifacts/modelEvaluatioin]
[2026-02-25 02:12:10,528 : INFO : 2954336220 : >>>>>>>STAGE: MODEL EVALUATION ENDED<<<<<<<<< ]
[2026-02-25 02:17:28,549 : INFO : 2382430873 : >>>>>>>STAGE: MODEL EVALUATION Started<<<<<<<<< ]
[2026-02-25 02:17:28,571 : INFO : common : yaml file: config\config.yaml LOADED successfully]
[2026-02-25 02:17:28,585 : INFO : common : yaml file: params.yaml LOADED successfully]
[2026-02-25 02:17:28,591 : INFO : common : created directory at: artifacts/modelEvaluatioin]
[2026-02-25 02:17:36,645 : INFO : 2382430873 : >>>>>>>STAGE: MODEL EVALUATION ENDED<<<<<<<<< ]
[2026-02-25 03:50:34,807 : INFO : 2382430873 : >>>>>>>STAGE: MODEL EVALUATION Started<<<<<<<<< ]
[2026-02-25 03:50:34,878 : INFO : common : yaml file: config\config.yaml LOADED successfully]
[2026-02-25 03:50:34,914 : INFO : common : yaml file: params.yaml LOADED successfully]
[2026-02-25 03:50:34,920 : INFO : common : created directory at: artifacts/modelEvaluatioin]
[2026-02-25 03:51:59,374 : INFO : _client : HTTP Request: POST https://dagshub.com/login/oauth/middleman "HTTP/1.1 200 OK"]
[2026-02-25 03:52:01,430 : INFO : _client : HTTP Request: POST https://dagshub.com/login/oauth/access_token "HTTP/1.1 200 OK"]
[2026-02-25 03:52:02,916 : INFO : _client : HTTP Request: GET https://dagshub.com/api/v1/user "HTTP/1.1 200 OK"]
[2026-02-25 03:52:02,996 : INFO : helpers : Accessing as mann-lean]
[2026-02-25 03:52:04,258 : INFO : _client : HTTP Request: GET https://dagshub.com/api/v1/repos/mann-lean/data-science-project "HTTP/1.1 200 OK"]
[2026-02-25 03:52:05,336 : INFO : _client : HTTP Request: GET https://dagshub.com/api/v1/user "HTTP/1.1 200 OK"]
[2026-02-25 03:52:05,354 : INFO : helpers : Initialized MLflow to track repo "mann-lean/data-science-project"]
[2026-02-25 03:52:05,366 : INFO : helpers : Repository mann-lean/data-science-project initialized!]
[2026-02-25 03:52:19,692 : ERROR : 2247700018 : save_model() got an unexpected keyword argument 'register_model']
Traceback (most recent call last):
  File "C:\Users\MANN\AppData\Local\Temp\ipykernel_12692\2247700018.py", line 33, in evaluate_model
    mlflow.sklearn.log_model(model, "model",register_model="SGDRegressor")
    ~~~~~~~~~~~~~~~~~~~~~~~~^^^^^^^^^^^^^^^^^^^^^^^^^^^^^^^^^^^^^^^^^^^^^^
  File "e:\dsProject\nycTaxiProject\venv\Lib\site-packages\mlflow\sklearn\__init__.py", line 477, in log_model
    return Model.log(
           ~~~~~~~~~^
        artifact_path=artifact_path,
        ^^^^^^^^^^^^^^^^^^^^^^^^^^^^
    ...<21 lines>...
        **kwargs,
        ^^^^^^^^^
    )
    ^
  File "e:\dsProject\nycTaxiProject\venv\Lib\site-packages\mlflow\models\model.py", line 1209, in log
    flavor.save_model(path=local_path, mlflow_model=mlflow_model, **kwargs)
    ~~~~~~~~~~~~~~~~~^^^^^^^^^^^^^^^^^^^^^^^^^^^^^^^^^^^^^^^^^^^^^^^^^^^^^^
TypeError: save_model() got an unexpected keyword argument 'register_model'
[2026-02-25 03:52:19,726 : ERROR : 2382430873 : save_model() got an unexpected keyword argument 'register_model']
Traceback (most recent call last):
  File "C:\Users\MANN\AppData\Local\Temp\ipykernel_12692\2382430873.py", line 8, in <module>
    model_evaluation.evaluate_model(x_train,y_train,"training")
    ~~~~~~~~~~~~~~~~~~~~~~~~~~~~~~~^^^^^^^^^^^^^^^^^^^^^^^^^^^^
  File "C:\Users\MANN\AppData\Local\Temp\ipykernel_12692\2247700018.py", line 37, in evaluate_model
    raise e
  File "C:\Users\MANN\AppData\Local\Temp\ipykernel_12692\2247700018.py", line 33, in evaluate_model
    mlflow.sklearn.log_model(model, "model",register_model="SGDRegressor")
    ~~~~~~~~~~~~~~~~~~~~~~~~^^^^^^^^^^^^^^^^^^^^^^^^^^^^^^^^^^^^^^^^^^^^^^
  File "e:\dsProject\nycTaxiProject\venv\Lib\site-packages\mlflow\sklearn\__init__.py", line 477, in log_model
    return Model.log(
           ~~~~~~~~~^
        artifact_path=artifact_path,
        ^^^^^^^^^^^^^^^^^^^^^^^^^^^^
    ...<21 lines>...
        **kwargs,
        ^^^^^^^^^
    )
    ^
  File "e:\dsProject\nycTaxiProject\venv\Lib\site-packages\mlflow\models\model.py", line 1209, in log
    flavor.save_model(path=local_path, mlflow_model=mlflow_model, **kwargs)
    ~~~~~~~~~~~~~~~~~^^^^^^^^^^^^^^^^^^^^^^^^^^^^^^^^^^^^^^^^^^^^^^^^^^^^^^
TypeError: save_model() got an unexpected keyword argument 'register_model'
[2026-02-25 03:55:28,083 : INFO : 2382430873 : >>>>>>>STAGE: MODEL EVALUATION Started<<<<<<<<< ]
[2026-02-25 03:55:28,135 : INFO : common : yaml file: config\config.yaml LOADED successfully]
[2026-02-25 03:55:28,146 : INFO : common : yaml file: params.yaml LOADED successfully]
[2026-02-25 03:55:28,151 : INFO : common : created directory at: artifacts/modelEvaluatioin]
[2026-02-25 03:55:34,781 : INFO : _client : HTTP Request: GET https://dagshub.com/api/v1/repos/mann-lean/data-science-project "HTTP/1.1 200 OK"]
[2026-02-25 03:55:34,821 : INFO : helpers : Initialized MLflow to track repo "mann-lean/data-science-project"]
[2026-02-25 03:55:34,840 : INFO : helpers : Repository mann-lean/data-science-project initialized!]
[2026-02-25 03:57:07,406 : INFO : _client : HTTP Request: GET https://dagshub.com/api/v1/repos/mann-lean/data-science-project "HTTP/1.1 200 OK"]
[2026-02-25 03:57:07,426 : INFO : helpers : Initialized MLflow to track repo "mann-lean/data-science-project"]
[2026-02-25 03:57:07,439 : INFO : helpers : Repository mann-lean/data-science-project initialized!]
[2026-02-25 03:57:45,214 : INFO : 2382430873 : >>>>>>>STAGE: MODEL EVALUATION ENDED<<<<<<<<< ]
[2026-02-25 19:38:21,697 : INFO : 2382430873 : >>>>>>>STAGE: MODEL EVALUATION Started<<<<<<<<< ]
[2026-02-25 19:38:21,825 : INFO : common : yaml file: config\config.yaml LOADED successfully]
[2026-02-25 19:38:21,916 : INFO : common : yaml file: params.yaml LOADED successfully]
[2026-02-25 19:38:21,933 : INFO : common : created directory at: artifacts/modelEvaluatioin]
[2026-02-25 19:40:28,701 : INFO : _client : HTTP Request: POST https://dagshub.com/login/oauth/middleman "HTTP/1.1 200 OK"]
[2026-02-25 19:40:30,326 : INFO : _client : HTTP Request: POST https://dagshub.com/login/oauth/access_token "HTTP/1.1 200 OK"]
[2026-02-25 19:40:31,711 : INFO : _client : HTTP Request: GET https://dagshub.com/api/v1/user "HTTP/1.1 200 OK"]
[2026-02-25 19:40:31,735 : INFO : helpers : Accessing as mann-lean]
[2026-02-25 19:40:33,496 : INFO : _client : HTTP Request: GET https://dagshub.com/api/v1/repos/mann-lean/data-science-project "HTTP/1.1 200 OK"]
[2026-02-25 19:40:35,060 : INFO : _client : HTTP Request: GET https://dagshub.com/api/v1/user "HTTP/1.1 200 OK"]
[2026-02-25 19:40:35,075 : INFO : helpers : Initialized MLflow to track repo "mann-lean/data-science-project"]
[2026-02-25 19:40:35,084 : INFO : helpers : Repository mann-lean/data-science-project initialized!]
[2026-02-25 19:40:41,925 : ERROR : 1188707300 : Argument path of type <class 'str'> to <function save_evaluation at 0x0000018DD27D5580> does not match annotation type <class 'pathlib._local.Path'>]
Traceback (most recent call last):
  File "C:\Users\MANN\AppData\Local\Temp\ipykernel_10460\1188707300.py", line 33, in evaluate_model
    save_evaluation(evalutaion_dict,self.config.model_evaluation)
    ~~~~~~~~~~~~~~~^^^^^^^^^^^^^^^^^^^^^^^^^^^^^^^^^^^^^^^^^^^^^^
  File "e:\dsProject\nycTaxiProject\venv\Lib\site-packages\ensure\main.py", line 833, in __call__
    raise EnsureError(msg.format(arg=arg, f=self.f, t=templ, valt=type(value)))
ensure.main.EnsureError: Argument path of type <class 'str'> to <function save_evaluation at 0x0000018DD27D5580> does not match annotation type <class 'pathlib._local.Path'>
[2026-02-25 19:40:41,980 : ERROR : 2382430873 : Argument path of type <class 'str'> to <function save_evaluation at 0x0000018DD27D5580> does not match annotation type <class 'pathlib._local.Path'>]
Traceback (most recent call last):
  File "C:\Users\MANN\AppData\Local\Temp\ipykernel_10460\2382430873.py", line 8, in <module>
    model_evaluation.evaluate_model(x_train,y_train,"training")
    ~~~~~~~~~~~~~~~~~~~~~~~~~~~~~~~^^^^^^^^^^^^^^^^^^^^^^^^^^^^
  File "C:\Users\MANN\AppData\Local\Temp\ipykernel_10460\1188707300.py", line 48, in evaluate_model
    raise e
  File "C:\Users\MANN\AppData\Local\Temp\ipykernel_10460\1188707300.py", line 33, in evaluate_model
    save_evaluation(evalutaion_dict,self.config.model_evaluation)
    ~~~~~~~~~~~~~~~^^^^^^^^^^^^^^^^^^^^^^^^^^^^^^^^^^^^^^^^^^^^^^
  File "e:\dsProject\nycTaxiProject\venv\Lib\site-packages\ensure\main.py", line 833, in __call__
    raise EnsureError(msg.format(arg=arg, f=self.f, t=templ, valt=type(value)))
ensure.main.EnsureError: Argument path of type <class 'str'> to <function save_evaluation at 0x0000018DD27D5580> does not match annotation type <class 'pathlib._local.Path'>
[2026-02-25 19:42:31,759 : INFO : 2382430873 : >>>>>>>STAGE: MODEL EVALUATION Started<<<<<<<<< ]
[2026-02-25 19:42:31,808 : INFO : common : yaml file: config\config.yaml LOADED successfully]
[2026-02-25 19:42:31,818 : INFO : common : yaml file: params.yaml LOADED successfully]
[2026-02-25 19:42:31,821 : INFO : common : created directory at: artifacts/modelEvaluatioin]
[2026-02-25 19:42:38,410 : INFO : _client : HTTP Request: GET https://dagshub.com/api/v1/repos/mann-lean/data-science-project "HTTP/1.1 200 OK"]
[2026-02-25 19:42:38,459 : INFO : helpers : Initialized MLflow to track repo "mann-lean/data-science-project"]
[2026-02-25 19:42:38,474 : INFO : helpers : Repository mann-lean/data-science-project initialized!]
[2026-02-25 19:42:40,982 : ERROR : 1842869336 : [Errno 2] No such file or directory: 'artifacts\\model_evaluation\\evaluation.json']
Traceback (most recent call last):
  File "C:\Users\MANN\AppData\Local\Temp\ipykernel_10460\1842869336.py", line 33, in evaluate_model
    save_evaluation(evalutaion_dict,Path(self.config.model_evaluation))
    ~~~~~~~~~~~~~~~^^^^^^^^^^^^^^^^^^^^^^^^^^^^^^^^^^^^^^^^^^^^^^^^^^^^
  File "e:\dsProject\nycTaxiProject\venv\Lib\site-packages\ensure\main.py", line 835, in __call__
    return self.f(*args, **kwargs)
           ~~~~~~^^^^^^^^^^^^^^^^^
  File "E:\dsProject\nycTaxiProject\src\nycTaxiProject\util\common.py", line 80, in save_evaluation
    with open(path,'w') as f:
         ~~~~^^^^^^^^^^
FileNotFoundError: [Errno 2] No such file or directory: 'artifacts\\model_evaluation\\evaluation.json'
[2026-02-25 19:42:41,045 : ERROR : 2382430873 : [Errno 2] No such file or directory: 'artifacts\\model_evaluation\\evaluation.json']
Traceback (most recent call last):
  File "C:\Users\MANN\AppData\Local\Temp\ipykernel_10460\2382430873.py", line 8, in <module>
    model_evaluation.evaluate_model(x_train,y_train,"training")
    ~~~~~~~~~~~~~~~~~~~~~~~~~~~~~~~^^^^^^^^^^^^^^^^^^^^^^^^^^^^
  File "C:\Users\MANN\AppData\Local\Temp\ipykernel_10460\1842869336.py", line 48, in evaluate_model
    raise e
  File "C:\Users\MANN\AppData\Local\Temp\ipykernel_10460\1842869336.py", line 33, in evaluate_model
    save_evaluation(evalutaion_dict,Path(self.config.model_evaluation))
    ~~~~~~~~~~~~~~~^^^^^^^^^^^^^^^^^^^^^^^^^^^^^^^^^^^^^^^^^^^^^^^^^^^^
  File "e:\dsProject\nycTaxiProject\venv\Lib\site-packages\ensure\main.py", line 835, in __call__
    return self.f(*args, **kwargs)
           ~~~~~~^^^^^^^^^^^^^^^^^
  File "E:\dsProject\nycTaxiProject\src\nycTaxiProject\util\common.py", line 80, in save_evaluation
    with open(path,'w') as f:
         ~~~~^^^^^^^^^^
FileNotFoundError: [Errno 2] No such file or directory: 'artifacts\\model_evaluation\\evaluation.json'
[2026-02-25 19:49:19,809 : INFO : 2382430873 : >>>>>>>STAGE: MODEL EVALUATION Started<<<<<<<<< ]
[2026-02-25 19:49:19,831 : INFO : common : yaml file: config\config.yaml LOADED successfully]
[2026-02-25 19:49:19,840 : INFO : common : yaml file: params.yaml LOADED successfully]
[2026-02-25 19:49:19,844 : INFO : common : created directory at: artifacts/modelEvaluatioin]
[2026-02-25 19:49:25,384 : INFO : _client : HTTP Request: GET https://dagshub.com/api/v1/repos/mann-lean/data-science-project "HTTP/1.1 200 OK"]
[2026-02-25 19:49:25,403 : INFO : helpers : Initialized MLflow to track repo "mann-lean/data-science-project"]
[2026-02-25 19:49:25,414 : INFO : helpers : Repository mann-lean/data-science-project initialized!]
[2026-02-25 19:49:27,094 : INFO : common : Evalution Metrices saved at artifacts\modelEvaluatioin\evaluation.json]
[2026-02-25 19:50:32,023 : INFO : _client : HTTP Request: GET https://dagshub.com/api/v1/repos/mann-lean/data-science-project "HTTP/1.1 200 OK"]
[2026-02-25 19:50:32,040 : INFO : helpers : Initialized MLflow to track repo "mann-lean/data-science-project"]
[2026-02-25 19:50:32,050 : INFO : helpers : Repository mann-lean/data-science-project initialized!]
[2026-02-25 19:50:32,863 : INFO : common : Evalution Metrices saved at artifacts\modelEvaluatioin\evaluation.json]
[2026-02-25 19:51:03,865 : INFO : 2382430873 : >>>>>>>STAGE: MODEL EVALUATION ENDED<<<<<<<<< ]
[2026-02-25 23:03:42,569 : INFO : stage_05_model_evaluation : >>>>>>>STAGE: MODEL EVALUATION Started<<<<<<<<< ]
[2026-02-25 23:03:42,597 : INFO : common : yaml file: config\config.yaml LOADED successfully]
[2026-02-25 23:03:42,637 : INFO : common : yaml file: params.yaml LOADED successfully]
[2026-02-25 23:03:42,643 : INFO : common : created directory at: artifacts]
[2026-02-25 23:03:42,645 : INFO : common : created directory at: artifacts/modelEvaluatioin]
[2026-02-25 23:03:54,376 : ERROR : model_evaluation : Server disconnected without sending a response.]
Traceback (most recent call last):
  File "E:\dsProject\nycTaxiProject\venv\Lib\site-packages\httpx\_transports\default.py", line 101, in map_httpcore_exceptions
    yield
  File "E:\dsProject\nycTaxiProject\venv\Lib\site-packages\httpx\_transports\default.py", line 250, in handle_request
    resp = self._pool.handle_request(req)
  File "E:\dsProject\nycTaxiProject\venv\Lib\site-packages\httpcore\_sync\connection_pool.py", line 256, in handle_request
    raise exc from None
  File "E:\dsProject\nycTaxiProject\venv\Lib\site-packages\httpcore\_sync\connection_pool.py", line 236, in handle_request
    response = connection.handle_request(
        pool_request.request
    )
  File "E:\dsProject\nycTaxiProject\venv\Lib\site-packages\httpcore\_sync\connection.py", line 103, in handle_request
    return self._connection.handle_request(request)
           ~~~~~~~~~~~~~~~~~~~~~~~~~~~~~~~^^^^^^^^^
  File "E:\dsProject\nycTaxiProject\venv\Lib\site-packages\httpcore\_sync\http11.py", line 136, in handle_request
    raise exc
  File "E:\dsProject\nycTaxiProject\venv\Lib\site-packages\httpcore\_sync\http11.py", line 106, in handle_request
    ) = self._receive_response_headers(**kwargs)
        ~~~~~~~~~~~~~~~~~~~~~~~~~~~~~~^^^^^^^^^^
  File "E:\dsProject\nycTaxiProject\venv\Lib\site-packages\httpcore\_sync\http11.py", line 177, in _receive_response_headers
    event = self._receive_event(timeout=timeout)
  File "E:\dsProject\nycTaxiProject\venv\Lib\site-packages\httpcore\_sync\http11.py", line 231, in _receive_event
    raise RemoteProtocolError(msg)
httpcore.RemoteProtocolError: Server disconnected without sending a response.

The above exception was the direct cause of the following exception:

Traceback (most recent call last):
  File "E:\dsProject\nycTaxiProject\src\nycTaxiProject\components\model_evaluation.py", line 21, in evaluate_model
    dagshub.init(repo_owner='mann-lean', repo_name='data-science-project', mlflow=True)
    ~~~~~~~~~~~~^^^^^^^^^^^^^^^^^^^^^^^^^^^^^^^^^^^^^^^^^^^^^^^^^^^^^^^^^^^^^^^^^^^^^^^
  File "E:\dsProject\nycTaxiProject\venv\Lib\site-packages\dagshub\common\init.py", line 86, in init
    repo_api = RepoAPI(f"{repo_owner}/{repo_name}", host=host)
  File "E:\dsProject\nycTaxiProject\venv\Lib\site-packages\dagshub\common\api\repo.py", line 78, in __init__
    self.auth = dagshub.auth.get_authenticator(host=host)
                ~~~~~~~~~~~~~~~~~~~~~~~~~~~~~~^^^^^^^^^^^
  File "E:\dsProject\nycTaxiProject\venv\Lib\site-packages\dagshub\auth\tokens.py", line 374, in get_authenticator
    return _get_token_storage(**kwargs).get_authenticator(**kwargs)
           ~~~~~~~~~~~~~~~~~~~~~~~~~~~~~~~~~~~~~~~~~~~~~~^^^^^^^^^^
  File "E:\dsProject\nycTaxiProject\venv\Lib\site-packages\dagshub\auth\tokens.py", line 122, in get_authenticator
    token = self.get_token_object(host, fail_if_no_token, **kwargs)
  File "E:\dsProject\nycTaxiProject\venv\Lib\site-packages\dagshub\auth\tokens.py", line 165, in get_token_object
    user = TokenStorage.get_username_of_token(token, host)
  File "E:\dsProject\nycTaxiProject\venv\Lib\site-packages\dagshub\auth\tokens.py", line 239, in get_username_of_token
    resp = http_request("GET", check_url, auth=auth)
  File "E:\dsProject\nycTaxiProject\venv\Lib\site-packages\dagshub\common\helpers.py", line 60, in http_request
    return httpx.request(method, url, **kwargs)
           ~~~~~~~~~~~~~^^^^^^^^^^^^^^^^^^^^^^^
  File "E:\dsProject\nycTaxiProject\venv\Lib\site-packages\httpx\_api.py", line 109, in request
    return client.request(
           ~~~~~~~~~~~~~~^
        method=method,
        ^^^^^^^^^^^^^^
    ...<8 lines>...
        follow_redirects=follow_redirects,
        ^^^^^^^^^^^^^^^^^^^^^^^^^^^^^^^^^^
    )
    ^
  File "E:\dsProject\nycTaxiProject\venv\Lib\site-packages\httpx\_client.py", line 825, in request
    return self.send(request, auth=auth, follow_redirects=follow_redirects)
           ~~~~~~~~~^^^^^^^^^^^^^^^^^^^^^^^^^^^^^^^^^^^^^^^^^^^^^^^^^^^^^^^
  File "E:\dsProject\nycTaxiProject\venv\Lib\site-packages\httpx\_client.py", line 914, in send
    response = self._send_handling_auth(
        request,
    ...<2 lines>...
        history=[],
    )
  File "E:\dsProject\nycTaxiProject\venv\Lib\site-packages\httpx\_client.py", line 942, in _send_handling_auth
    response = self._send_handling_redirects(
        request,
        follow_redirects=follow_redirects,
        history=history,
    )
  File "E:\dsProject\nycTaxiProject\venv\Lib\site-packages\httpx\_client.py", line 979, in _send_handling_redirects
    response = self._send_single_request(request)
  File "E:\dsProject\nycTaxiProject\venv\Lib\site-packages\httpx\_client.py", line 1014, in _send_single_request
    response = transport.handle_request(request)
  File "E:\dsProject\nycTaxiProject\venv\Lib\site-packages\httpx\_transports\default.py", line 249, in handle_request
    with map_httpcore_exceptions():
         ~~~~~~~~~~~~~~~~~~~~~~~^^
  File "E:\dsProject\nycTaxiProject\venv\Lib\contextlib.py", line 162, in __exit__
    self.gen.throw(value)
    ~~~~~~~~~~~~~~^^^^^^^
  File "E:\dsProject\nycTaxiProject\venv\Lib\site-packages\httpx\_transports\default.py", line 118, in map_httpcore_exceptions
    raise mapped_exc(message) from exc
httpx.RemoteProtocolError: Server disconnected without sending a response.
[2026-02-25 23:03:55,324 : ERROR : stage_05_model_evaluation : Server disconnected without sending a response.]
Traceback (most recent call last):
  File "E:\dsProject\nycTaxiProject\venv\Lib\site-packages\httpx\_transports\default.py", line 101, in map_httpcore_exceptions
    yield
  File "E:\dsProject\nycTaxiProject\venv\Lib\site-packages\httpx\_transports\default.py", line 250, in handle_request
    resp = self._pool.handle_request(req)
  File "E:\dsProject\nycTaxiProject\venv\Lib\site-packages\httpcore\_sync\connection_pool.py", line 256, in handle_request
    raise exc from None
  File "E:\dsProject\nycTaxiProject\venv\Lib\site-packages\httpcore\_sync\connection_pool.py", line 236, in handle_request
    response = connection.handle_request(
        pool_request.request
    )
  File "E:\dsProject\nycTaxiProject\venv\Lib\site-packages\httpcore\_sync\connection.py", line 103, in handle_request
    return self._connection.handle_request(request)
           ~~~~~~~~~~~~~~~~~~~~~~~~~~~~~~~^^^^^^^^^
  File "E:\dsProject\nycTaxiProject\venv\Lib\site-packages\httpcore\_sync\http11.py", line 136, in handle_request
    raise exc
  File "E:\dsProject\nycTaxiProject\venv\Lib\site-packages\httpcore\_sync\http11.py", line 106, in handle_request
    ) = self._receive_response_headers(**kwargs)
        ~~~~~~~~~~~~~~~~~~~~~~~~~~~~~~^^^^^^^^^^
  File "E:\dsProject\nycTaxiProject\venv\Lib\site-packages\httpcore\_sync\http11.py", line 177, in _receive_response_headers
    event = self._receive_event(timeout=timeout)
  File "E:\dsProject\nycTaxiProject\venv\Lib\site-packages\httpcore\_sync\http11.py", line 231, in _receive_event
    raise RemoteProtocolError(msg)
httpcore.RemoteProtocolError: Server disconnected without sending a response.

The above exception was the direct cause of the following exception:

Traceback (most recent call last):
  File "E:\dsProject\nycTaxiProject\src\nycTaxiProject\pipeline\stage_05_model_evaluation.py", line 19, in main
    model_evaluation.evaluate_model(x_train,y_train,"training")
    ~~~~~~~~~~~~~~~~~~~~~~~~~~~~~~~^^^^^^^^^^^^^^^^^^^^^^^^^^^^
  File "E:\dsProject\nycTaxiProject\src\nycTaxiProject\components\model_evaluation.py", line 61, in evaluate_model
    raise e
  File "E:\dsProject\nycTaxiProject\src\nycTaxiProject\components\model_evaluation.py", line 21, in evaluate_model
    dagshub.init(repo_owner='mann-lean', repo_name='data-science-project', mlflow=True)
    ~~~~~~~~~~~~^^^^^^^^^^^^^^^^^^^^^^^^^^^^^^^^^^^^^^^^^^^^^^^^^^^^^^^^^^^^^^^^^^^^^^^
  File "E:\dsProject\nycTaxiProject\venv\Lib\site-packages\dagshub\common\init.py", line 86, in init
    repo_api = RepoAPI(f"{repo_owner}/{repo_name}", host=host)
  File "E:\dsProject\nycTaxiProject\venv\Lib\site-packages\dagshub\common\api\repo.py", line 78, in __init__
    self.auth = dagshub.auth.get_authenticator(host=host)
                ~~~~~~~~~~~~~~~~~~~~~~~~~~~~~~^^^^^^^^^^^
  File "E:\dsProject\nycTaxiProject\venv\Lib\site-packages\dagshub\auth\tokens.py", line 374, in get_authenticator
    return _get_token_storage(**kwargs).get_authenticator(**kwargs)
           ~~~~~~~~~~~~~~~~~~~~~~~~~~~~~~~~~~~~~~~~~~~~~~^^^^^^^^^^
  File "E:\dsProject\nycTaxiProject\venv\Lib\site-packages\dagshub\auth\tokens.py", line 122, in get_authenticator
    token = self.get_token_object(host, fail_if_no_token, **kwargs)
  File "E:\dsProject\nycTaxiProject\venv\Lib\site-packages\dagshub\auth\tokens.py", line 165, in get_token_object
    user = TokenStorage.get_username_of_token(token, host)
  File "E:\dsProject\nycTaxiProject\venv\Lib\site-packages\dagshub\auth\tokens.py", line 239, in get_username_of_token
    resp = http_request("GET", check_url, auth=auth)
  File "E:\dsProject\nycTaxiProject\venv\Lib\site-packages\dagshub\common\helpers.py", line 60, in http_request
    return httpx.request(method, url, **kwargs)
           ~~~~~~~~~~~~~^^^^^^^^^^^^^^^^^^^^^^^
  File "E:\dsProject\nycTaxiProject\venv\Lib\site-packages\httpx\_api.py", line 109, in request
    return client.request(
           ~~~~~~~~~~~~~~^
        method=method,
        ^^^^^^^^^^^^^^
    ...<8 lines>...
        follow_redirects=follow_redirects,
        ^^^^^^^^^^^^^^^^^^^^^^^^^^^^^^^^^^
    )
    ^
  File "E:\dsProject\nycTaxiProject\venv\Lib\site-packages\httpx\_client.py", line 825, in request
    return self.send(request, auth=auth, follow_redirects=follow_redirects)
           ~~~~~~~~~^^^^^^^^^^^^^^^^^^^^^^^^^^^^^^^^^^^^^^^^^^^^^^^^^^^^^^^
  File "E:\dsProject\nycTaxiProject\venv\Lib\site-packages\httpx\_client.py", line 914, in send
    response = self._send_handling_auth(
        request,
    ...<2 lines>...
        history=[],
    )
  File "E:\dsProject\nycTaxiProject\venv\Lib\site-packages\httpx\_client.py", line 942, in _send_handling_auth
    response = self._send_handling_redirects(
        request,
        follow_redirects=follow_redirects,
        history=history,
    )
  File "E:\dsProject\nycTaxiProject\venv\Lib\site-packages\httpx\_client.py", line 979, in _send_handling_redirects
    response = self._send_single_request(request)
  File "E:\dsProject\nycTaxiProject\venv\Lib\site-packages\httpx\_client.py", line 1014, in _send_single_request
    response = transport.handle_request(request)
  File "E:\dsProject\nycTaxiProject\venv\Lib\site-packages\httpx\_transports\default.py", line 249, in handle_request
    with map_httpcore_exceptions():
         ~~~~~~~~~~~~~~~~~~~~~~~^^
  File "E:\dsProject\nycTaxiProject\venv\Lib\contextlib.py", line 162, in __exit__
    self.gen.throw(value)
    ~~~~~~~~~~~~~~^^^^^^^
  File "E:\dsProject\nycTaxiProject\venv\Lib\site-packages\httpx\_transports\default.py", line 118, in map_httpcore_exceptions
    raise mapped_exc(message) from exc
httpx.RemoteProtocolError: Server disconnected without sending a response.
[2026-02-25 23:03:55,427 : ERROR : stage_05_model_evaluation : Server disconnected without sending a response.]
Traceback (most recent call last):
  File "E:\dsProject\nycTaxiProject\venv\Lib\site-packages\httpx\_transports\default.py", line 101, in map_httpcore_exceptions
    yield
  File "E:\dsProject\nycTaxiProject\venv\Lib\site-packages\httpx\_transports\default.py", line 250, in handle_request
    resp = self._pool.handle_request(req)
  File "E:\dsProject\nycTaxiProject\venv\Lib\site-packages\httpcore\_sync\connection_pool.py", line 256, in handle_request
    raise exc from None
  File "E:\dsProject\nycTaxiProject\venv\Lib\site-packages\httpcore\_sync\connection_pool.py", line 236, in handle_request
    response = connection.handle_request(
        pool_request.request
    )
  File "E:\dsProject\nycTaxiProject\venv\Lib\site-packages\httpcore\_sync\connection.py", line 103, in handle_request
    return self._connection.handle_request(request)
           ~~~~~~~~~~~~~~~~~~~~~~~~~~~~~~~^^^^^^^^^
  File "E:\dsProject\nycTaxiProject\venv\Lib\site-packages\httpcore\_sync\http11.py", line 136, in handle_request
    raise exc
  File "E:\dsProject\nycTaxiProject\venv\Lib\site-packages\httpcore\_sync\http11.py", line 106, in handle_request
    ) = self._receive_response_headers(**kwargs)
        ~~~~~~~~~~~~~~~~~~~~~~~~~~~~~~^^^^^^^^^^
  File "E:\dsProject\nycTaxiProject\venv\Lib\site-packages\httpcore\_sync\http11.py", line 177, in _receive_response_headers
    event = self._receive_event(timeout=timeout)
  File "E:\dsProject\nycTaxiProject\venv\Lib\site-packages\httpcore\_sync\http11.py", line 231, in _receive_event
    raise RemoteProtocolError(msg)
httpcore.RemoteProtocolError: Server disconnected without sending a response.

The above exception was the direct cause of the following exception:

Traceback (most recent call last):
  File "E:\dsProject\nycTaxiProject\src\nycTaxiProject\pipeline\stage_05_model_evaluation.py", line 33, in <module>
    obj.main()
    ~~~~~~~~^^
  File "E:\dsProject\nycTaxiProject\src\nycTaxiProject\pipeline\stage_05_model_evaluation.py", line 28, in main
    raise e
  File "E:\dsProject\nycTaxiProject\src\nycTaxiProject\pipeline\stage_05_model_evaluation.py", line 19, in main
    model_evaluation.evaluate_model(x_train,y_train,"training")
    ~~~~~~~~~~~~~~~~~~~~~~~~~~~~~~~^^^^^^^^^^^^^^^^^^^^^^^^^^^^
  File "E:\dsProject\nycTaxiProject\src\nycTaxiProject\components\model_evaluation.py", line 61, in evaluate_model
    raise e
  File "E:\dsProject\nycTaxiProject\src\nycTaxiProject\components\model_evaluation.py", line 21, in evaluate_model
    dagshub.init(repo_owner='mann-lean', repo_name='data-science-project', mlflow=True)
    ~~~~~~~~~~~~^^^^^^^^^^^^^^^^^^^^^^^^^^^^^^^^^^^^^^^^^^^^^^^^^^^^^^^^^^^^^^^^^^^^^^^
  File "E:\dsProject\nycTaxiProject\venv\Lib\site-packages\dagshub\common\init.py", line 86, in init
    repo_api = RepoAPI(f"{repo_owner}/{repo_name}", host=host)
  File "E:\dsProject\nycTaxiProject\venv\Lib\site-packages\dagshub\common\api\repo.py", line 78, in __init__
    self.auth = dagshub.auth.get_authenticator(host=host)
                ~~~~~~~~~~~~~~~~~~~~~~~~~~~~~~^^^^^^^^^^^
  File "E:\dsProject\nycTaxiProject\venv\Lib\site-packages\dagshub\auth\tokens.py", line 374, in get_authenticator
    return _get_token_storage(**kwargs).get_authenticator(**kwargs)
           ~~~~~~~~~~~~~~~~~~~~~~~~~~~~~~~~~~~~~~~~~~~~~~^^^^^^^^^^
  File "E:\dsProject\nycTaxiProject\venv\Lib\site-packages\dagshub\auth\tokens.py", line 122, in get_authenticator
    token = self.get_token_object(host, fail_if_no_token, **kwargs)
  File "E:\dsProject\nycTaxiProject\venv\Lib\site-packages\dagshub\auth\tokens.py", line 165, in get_token_object
    user = TokenStorage.get_username_of_token(token, host)
  File "E:\dsProject\nycTaxiProject\venv\Lib\site-packages\dagshub\auth\tokens.py", line 239, in get_username_of_token
    resp = http_request("GET", check_url, auth=auth)
  File "E:\dsProject\nycTaxiProject\venv\Lib\site-packages\dagshub\common\helpers.py", line 60, in http_request
    return httpx.request(method, url, **kwargs)
           ~~~~~~~~~~~~~^^^^^^^^^^^^^^^^^^^^^^^
  File "E:\dsProject\nycTaxiProject\venv\Lib\site-packages\httpx\_api.py", line 109, in request
    return client.request(
           ~~~~~~~~~~~~~~^
        method=method,
        ^^^^^^^^^^^^^^
    ...<8 lines>...
        follow_redirects=follow_redirects,
        ^^^^^^^^^^^^^^^^^^^^^^^^^^^^^^^^^^
    )
    ^
  File "E:\dsProject\nycTaxiProject\venv\Lib\site-packages\httpx\_client.py", line 825, in request
    return self.send(request, auth=auth, follow_redirects=follow_redirects)
           ~~~~~~~~~^^^^^^^^^^^^^^^^^^^^^^^^^^^^^^^^^^^^^^^^^^^^^^^^^^^^^^^
  File "E:\dsProject\nycTaxiProject\venv\Lib\site-packages\httpx\_client.py", line 914, in send
    response = self._send_handling_auth(
        request,
    ...<2 lines>...
        history=[],
    )
  File "E:\dsProject\nycTaxiProject\venv\Lib\site-packages\httpx\_client.py", line 942, in _send_handling_auth
    response = self._send_handling_redirects(
        request,
        follow_redirects=follow_redirects,
        history=history,
    )
  File "E:\dsProject\nycTaxiProject\venv\Lib\site-packages\httpx\_client.py", line 979, in _send_handling_redirects
    response = self._send_single_request(request)
  File "E:\dsProject\nycTaxiProject\venv\Lib\site-packages\httpx\_client.py", line 1014, in _send_single_request
    response = transport.handle_request(request)
  File "E:\dsProject\nycTaxiProject\venv\Lib\site-packages\httpx\_transports\default.py", line 249, in handle_request
    with map_httpcore_exceptions():
         ~~~~~~~~~~~~~~~~~~~~~~~^^
  File "E:\dsProject\nycTaxiProject\venv\Lib\contextlib.py", line 162, in __exit__
    self.gen.throw(value)
    ~~~~~~~~~~~~~~^^^^^^^
  File "E:\dsProject\nycTaxiProject\venv\Lib\site-packages\httpx\_transports\default.py", line 118, in map_httpcore_exceptions
    raise mapped_exc(message) from exc
httpx.RemoteProtocolError: Server disconnected without sending a response.
[2026-02-26 13:15:48,859 : INFO : stage_05_model_evaluation : >>>>>>>STAGE: MODEL EVALUATION Started<<<<<<<<< ]
[2026-02-26 13:15:48,958 : INFO : common : yaml file: config\config.yaml LOADED successfully]
[2026-02-26 13:15:49,013 : INFO : common : yaml file: params.yaml LOADED successfully]
[2026-02-26 13:15:49,014 : INFO : common : created directory at: artifacts]
[2026-02-26 13:15:49,015 : INFO : common : created directory at: artifacts/modelEvaluatioin]
[2026-02-26 13:15:55,078 : INFO : _client : HTTP Request: GET https://dagshub.com/api/v1/user "HTTP/1.1 200 OK"]
[2026-02-26 13:15:55,118 : INFO : helpers : Accessing as mann-lean]
[2026-02-26 13:15:56,543 : INFO : _client : HTTP Request: GET https://dagshub.com/api/v1/repos/mann-lean/data-science-project "HTTP/1.1 200 OK"]
[2026-02-26 13:15:57,822 : INFO : _client : HTTP Request: GET https://dagshub.com/api/v1/user "HTTP/1.1 200 OK"]
[2026-02-26 13:15:57,847 : INFO : helpers : Initialized MLflow to track repo "mann-lean/data-science-project"]
[2026-02-26 13:15:57,851 : INFO : helpers : Repository mann-lean/data-science-project initialized!]
[2026-02-26 13:16:01,084 : INFO : common : Evalution Metrices saved at artifacts\modelEvaluatioin\evaluation.json]
[2026-02-26 13:16:56,490 : INFO : _client : HTTP Request: GET https://dagshub.com/api/v1/repos/mann-lean/data-science-project "HTTP/1.1 200 OK"]
[2026-02-26 13:16:56,524 : INFO : helpers : Initialized MLflow to track repo "mann-lean/data-science-project"]
[2026-02-26 13:16:56,531 : INFO : helpers : Repository mann-lean/data-science-project initialized!]
[2026-02-26 13:16:57,427 : INFO : common : Evalution Metrices saved at artifacts\modelEvaluatioin\evaluation.json]
[2026-02-26 13:17:27,155 : INFO : stage_05_model_evaluation : >>>>>>>STAGE: MODEL EVALUATION ENDED<<<<<<<<< ]
[2026-02-26 14:43:17,356 : INFO : stage_05_model_evaluation : >>>>>>>STAGE: MODEL EVALUATION Started<<<<<<<<< ]
[2026-02-26 14:43:17,761 : INFO : common : yaml file: config\config.yaml LOADED successfully]
[2026-02-26 14:43:17,789 : INFO : common : yaml file: params.yaml LOADED successfully]
[2026-02-26 14:43:17,790 : INFO : common : created directory at: artifacts]
[2026-02-26 14:43:17,803 : INFO : common : created directory at: artifacts/modelEvaluation]
[2026-02-26 14:43:25,435 : INFO : _client : HTTP Request: GET https://dagshub.com/api/v1/user "HTTP/1.1 200 OK"]
[2026-02-26 14:43:25,516 : INFO : helpers : Accessing as mann-lean]
[2026-02-26 14:43:27,037 : INFO : _client : HTTP Request: GET https://dagshub.com/api/v1/repos/mann-lean/data-science-project "HTTP/1.1 200 OK"]
[2026-02-26 14:43:28,304 : INFO : _client : HTTP Request: GET https://dagshub.com/api/v1/user "HTTP/1.1 200 OK"]
[2026-02-26 14:43:28,311 : INFO : helpers : Initialized MLflow to track repo "mann-lean/data-science-project"]
[2026-02-26 14:43:28,314 : INFO : helpers : Repository mann-lean/data-science-project initialized!]
[2026-02-26 14:43:32,605 : INFO : common : Evalution Metrices saved at artifacts\modelEvaluation\evaluation.json]
[2026-02-26 14:44:26,709 : INFO : stage_05_model_evaluation : >>>>>>>STAGE: MODEL EVALUATION ENDED<<<<<<<<< ]
